<html>
<body>
<pre>
<h1>礦ision Build Log</h1>
<h2>Tool Versions:</h2>
IDE-Version: μVision V5.28.0.0
Copyright (C) 2019 ARM Ltd and ARM Germany GmbH. All rights reserved.
License Information: 1234 1234, 1234, LIC=03CTG-VFQDT-RXCUD-8D0RK-ST45E-UN3H6
 
Tool Versions:
Toolchain:       MDK-ARM Plus  Version: 5.28.0.0
Toolchain Path:  C:\Keil_v5\ARM\ARMCC\Bin
C Compiler:      Armcc.exe V5.06 update 6 (build 750)
Assembler:       Armasm.exe V5.06 update 6 (build 750)
Linker/Locator:  ArmLink.exe V5.06 update 6 (build 750)
Library Manager: ArmAr.exe V5.06 update 6 (build 750)
Hex Converter:   FromElf.exe V5.06 update 6 (build 750)
CPU DLL:         SARMCM3.DLL V5.28.0.0
Dialog DLL:      DARMCM1.DLL V1.19.2.0
Target DLL:      Segger\JL2CM3.dll V2.99.36.0
Dialog DLL:      TARMCM1.DLL V1.14.1.0
 
<h2>Project:</h2>
C:\软件\科学上网\smart-car_2\Projecct\MDK\KEA128.uvprojx
Project File Date:  12/21/2019

<h2>Output:</h2>
*** Using Compiler 'V5.06 update 6 (build 750)', folder: 'C:\Keil_v5\ARM\ARMCC\Bin'
Rebuild target 'KEA128'
assembling startup_SKEAZ1284.s...
compiling system_SKEAZ1284.c...
compiling common.c...
compiling misc.c...
compiling KEA128_adc.c...
compiling KEA128_flash.c...
compiling KEA128_ftm.c...
compiling KEA128_gpio.c...
compiling KEA128_irq.c...
compiling KEA128_kbi.c...
compiling KEA128_port.c...
compiling KEA128_pit.c...
compiling KEA128_uart.c...
compiling KEA128_systick.c...
compiling KEA128_i2c.c...
compiling KEA128_spi.c...
compiling font.c...
compiling SEEKFREE_FUN.c...
compiling SEEKFREE_18TFT.c...
compiling SEEKFREE_IIC.c...
compiling SEEKFREE_L3G4200D.c...
compiling SEEKFREE_MMA8451.c...
compiling SEEKFREE_MPU6050.c...
compiling SEEKFREE_NRF24L01.c...
compiling SEEKFREE_OLED.c...
compiling SEEKFREE_TSL1401.c...
compiling _DebugSerial.c...
..\USER\LogicLayer\Hardware\_DebugSerial.c(15): warning:  #177-D: variable "_SERIAL_BAUD"  was declared but never referenced
  const static uint16_t _SERIAL_BAUD = (CLK_BUS >> 4) / _BAUD_RATE;
..\USER\LogicLayer\Hardware\_DebugSerial.c: 1 warning, 0 errors
compiling dir_pid.c...
dir_pid.c(51): warning:  #1-D: last line of file ends without a newline
  }
dir_pid.c: 1 warning, 0 errors
compiling KEA128_IT.c...
compiling main.c...
main.c(48): warning:  #1-D: last line of file ends without a newline
  }
main.c(23): warning:  #177-D: variable "a"  was declared but never referenced
  	int a;
main.c: 2 warnings, 0 errors
compiling direction.c...
direction.c(35): warning:  #1-D: last line of file ends without a newline
  }
direction.c: 1 warning, 0 errors
compiling up right_pid.c...
compiling control.c...
compiling speed_pid.c...
linking...
Program Size: Code=11068 RO-data=416 RW-data=436 ZI-data=1100  
".\Objects\KEA128.axf" - 0 Error(s), 5 Warning(s).

<h2>Software Packages used:</h2>

Package Vendor: Keil
                http://www.keil.com/pack/Keil.Kinetis_KEAxx_DFP.1.3.0.pack
                Keil.Kinetis_KEAxx_DFP.1.3.0
                NXP Kinetis KEAxx Series Device Support and Examples

<h2>Collection of Component include folders:</h2>
  .\RTE\_KEA128
  C:\Users\gudam\AppData\Local\Arm\Packs\Keil\Kinetis_KEAxx_DFP\1.3.0\Device\Include

<h2>Collection of Component Files used:</h2>
Build Time Elapsed:  00:00:06
</pre>
</body>
</html>
