<!doctype html public "-//w3c//dtd html 4.0 transitional//en">
<html><head>
<title>Static Call Graph - [.\Objects\KEA128.axf]</title></head>
<body><HR>
<H1>Static Call Graph for image .\Objects\KEA128.axf</H1><HR>
<BR><P>#&#060CALLGRAPH&#062# ARM Linker, 5060750: Last Updated: Sat Dec 21 13:34:27 2019
<BR><P>
<H3>Maximum Stack Usage =        208 bytes + Unknown(Cycles, Untraceable Function Pointers)</H3><H3>
Call chain for Maximum Stack Depth:</H3>
main &rArr; direction_pid &rArr; __aeabi_dmul &rArr; _double_epilogue &rArr; __aeabi_llsr
<P>
<H3>
Mutually Recursive functions
</H3> <LI><a href="#[16]">ACMP0_IRQHandler</a>&nbsp;&nbsp;&nbsp;&rArr;&nbsp;&nbsp;&nbsp;<a href="#[16]">ACMP0_IRQHandler</a><BR>
</UL>
<P>
<H3>
Function Pointers
</H3><UL>
 <LI><a href="#[16]">ACMP0_IRQHandler</a> from startup_skeaz1284.o(.text) referenced from startup_skeaz1284.o(RESET)
 <LI><a href="#[1b]">ACMP1_IRQHandler</a> from startup_skeaz1284.o(.text) referenced from startup_skeaz1284.o(RESET)
 <LI><a href="#[15]">ADC_IRQHandler</a> from startup_skeaz1284.o(.text) referenced from startup_skeaz1284.o(RESET)
 <LI><a href="#[17]">FTM0_IRQHandler</a> from startup_skeaz1284.o(.text) referenced from startup_skeaz1284.o(RESET)
 <LI><a href="#[18]">FTM1_IRQHandler</a> from startup_skeaz1284.o(.text) referenced from startup_skeaz1284.o(RESET)
 <LI><a href="#[19]">FTM2_IRQHandler</a> from startup_skeaz1284.o(.text) referenced from startup_skeaz1284.o(RESET)
 <LI><a href="#[b]">FTMRE_IRQHandler</a> from startup_skeaz1284.o(.text) referenced from startup_skeaz1284.o(RESET)
 <LI><a href="#[2]">HardFault_Handler</a> from kea128_it.o(i.HardFault_Handler) referenced from startup_skeaz1284.o(RESET)
 <LI><a href="#[e]">I2C0_IRQHandler</a> from startup_skeaz1284.o(.text) referenced from startup_skeaz1284.o(RESET)
 <LI><a href="#[f]">I2C1_IRQHandler</a> from startup_skeaz1284.o(.text) referenced from startup_skeaz1284.o(RESET)
 <LI><a href="#[21]">ICS_IRQHandler</a> from startup_skeaz1284.o(.text) referenced from startup_skeaz1284.o(RESET)
 <LI><a href="#[d]">IRQ_IRQHandler</a> from kea128_it.o(i.IRQ_IRQHandler) referenced from startup_skeaz1284.o(RESET)
 <LI><a href="#[1e]">KBI0_IRQHandler</a> from kea128_it.o(i.KBI0_IRQHandler) referenced from startup_skeaz1284.o(RESET)
 <LI><a href="#[1f]">KBI1_IRQHandler</a> from startup_skeaz1284.o(.text) referenced from startup_skeaz1284.o(RESET)
 <LI><a href="#[24]">MSCAN_RX_IRQHandler</a> from startup_skeaz1284.o(.text) referenced from startup_skeaz1284.o(RESET)
 <LI><a href="#[25]">MSCAN_TX_IRQHandler</a> from startup_skeaz1284.o(.text) referenced from startup_skeaz1284.o(RESET)
 <LI><a href="#[1]">NMI_Handler</a> from kea128_it.o(i.NMI_Handler) referenced from startup_skeaz1284.o(RESET)
 <LI><a href="#[1c]">PIT_CH0_IRQHandler</a> from kea128_it.o(i.PIT_CH0_IRQHandler) referenced from startup_skeaz1284.o(RESET)
 <LI><a href="#[1d]">PIT_CH1_IRQHandler</a> from kea128_it.o(i.PIT_CH1_IRQHandler) referenced from startup_skeaz1284.o(RESET)
 <LI><a href="#[c]">PMC_IRQHandler</a> from startup_skeaz1284.o(.text) referenced from startup_skeaz1284.o(RESET)
 <LI><a href="#[23]">PWT_IRQHandler</a> from startup_skeaz1284.o(.text) referenced from startup_skeaz1284.o(RESET)
 <LI><a href="#[4]">PendSV_Handler</a> from kea128_it.o(i.PendSV_Handler) referenced from startup_skeaz1284.o(RESET)
 <LI><a href="#[1a]">RTC_IRQHandler</a> from startup_skeaz1284.o(.text) referenced from startup_skeaz1284.o(RESET)
 <LI><a href="#[6]">Reserved16_IRQHandler</a> from startup_skeaz1284.o(.text) referenced from startup_skeaz1284.o(RESET)
 <LI><a href="#[7]">Reserved17_IRQHandler</a> from startup_skeaz1284.o(.text) referenced from startup_skeaz1284.o(RESET)
 <LI><a href="#[8]">Reserved18_IRQHandler</a> from startup_skeaz1284.o(.text) referenced from startup_skeaz1284.o(RESET)
 <LI><a href="#[9]">Reserved19_IRQHandler</a> from startup_skeaz1284.o(.text) referenced from startup_skeaz1284.o(RESET)
 <LI><a href="#[a]">Reserved20_IRQHandler</a> from startup_skeaz1284.o(.text) referenced from startup_skeaz1284.o(RESET)
 <LI><a href="#[20]">Reserved42_IRQHandler</a> from startup_skeaz1284.o(.text) referenced from startup_skeaz1284.o(RESET)
 <LI><a href="#[0]">Reset_Handler</a> from startup_skeaz1284.o(.text) referenced from startup_skeaz1284.o(RESET)
 <LI><a href="#[10]">SPI0_IRQHandler</a> from startup_skeaz1284.o(.text) referenced from startup_skeaz1284.o(RESET)
 <LI><a href="#[11]">SPI1_IRQHandler</a> from startup_skeaz1284.o(.text) referenced from startup_skeaz1284.o(RESET)
 <LI><a href="#[3]">SVC_Handler</a> from kea128_it.o(i.SVC_Handler) referenced from startup_skeaz1284.o(RESET)
 <LI><a href="#[5]">SysTick_Handler</a> from kea128_it.o(i.SysTick_Handler) referenced from startup_skeaz1284.o(RESET)
 <LI><a href="#[12]">UART0_IRQHandler</a> from startup_skeaz1284.o(.text) referenced from startup_skeaz1284.o(RESET)
 <LI><a href="#[13]">UART1_IRQHandler</a> from startup_skeaz1284.o(.text) referenced from startup_skeaz1284.o(RESET)
 <LI><a href="#[14]">UART2_IRQHandler</a> from kea128_it.o(i.UART2_IRQHandler) referenced from startup_skeaz1284.o(RESET)
 <LI><a href="#[22]">WDOG_IRQHandler</a> from startup_skeaz1284.o(.text) referenced from startup_skeaz1284.o(RESET)
 <LI><a href="#[27]">_CoreStart</a> from system_skeaz1284.o(i._CoreStart) referenced from startup_skeaz1284.o(.text)
 <LI><a href="#[29]">__main</a> from entry.o(.ARM.Collect$$$$00000000) referenced from startup_skeaz1284.o(.text)
 <LI><a href="#[2a]">fputc</a> from _debugserial.o(i.fputc) referenced from printfa.o(i.__0printf)
 <LI><a href="#[28]">init_data_bss</a> from startup_skeaz1284.o(.text) referenced from startup_skeaz1284.o(.text)
 <LI><a href="#[26]">main</a> from main.o(i.main) referenced from entry9a.o(.ARM.Collect$$$$0000000B)
</UL>
<P>
<H3>
Global Symbols
</H3>
<P><STRONG><a name="[29]"></a>__main</STRONG> (Thumb, 0 bytes, Stack size unknown bytes, entry.o(.ARM.Collect$$$$00000000))
<BR>[Address Reference Count : 1]<UL><LI> startup_skeaz1284.o(.text)
</UL>
<P><STRONG><a name="[78]"></a>_main_stk</STRONG> (Thumb, 0 bytes, Stack size unknown bytes, entry2.o(.ARM.Collect$$$$00000001))

<P><STRONG><a name="[2b]"></a>_main_scatterload</STRONG> (Thumb, 0 bytes, Stack size unknown bytes, entry5.o(.ARM.Collect$$$$00000004))
<BR><BR>[Calls]<UL><LI><a href="#[2c]">&gt;&gt;</a>&nbsp;&nbsp;&nbsp;__scatterload
</UL>

<P><STRONG><a name="[42]"></a>__main_after_scatterload</STRONG> (Thumb, 0 bytes, Stack size unknown bytes, entry5.o(.ARM.Collect$$$$00000004))
<BR><BR>[Called By]<UL><LI><a href="#[2c]">&gt;&gt;</a>&nbsp;&nbsp;&nbsp;__scatterload
</UL>

<P><STRONG><a name="[79]"></a>_main_clock</STRONG> (Thumb, 0 bytes, Stack size unknown bytes, entry7b.o(.ARM.Collect$$$$00000008))

<P><STRONG><a name="[7a]"></a>_main_cpp_init</STRONG> (Thumb, 0 bytes, Stack size unknown bytes, entry8b.o(.ARM.Collect$$$$0000000A))

<P><STRONG><a name="[7b]"></a>_main_init</STRONG> (Thumb, 0 bytes, Stack size unknown bytes, entry9a.o(.ARM.Collect$$$$0000000B))

<P><STRONG><a name="[7c]"></a>__rt_final_cpp</STRONG> (Thumb, 0 bytes, Stack size unknown bytes, entry10a.o(.ARM.Collect$$$$0000000D))

<P><STRONG><a name="[7d]"></a>__rt_final_exit</STRONG> (Thumb, 0 bytes, Stack size unknown bytes, entry11a.o(.ARM.Collect$$$$0000000F))

<P><STRONG><a name="[28]"></a>init_data_bss</STRONG> (Thumb, 2 bytes, Stack size 0 bytes, startup_skeaz1284.o(.text))
<BR>[Address Reference Count : 1]<UL><LI> startup_skeaz1284.o(.text)
</UL>
<P><STRONG><a name="[0]"></a>Reset_Handler</STRONG> (Thumb, 12 bytes, Stack size 0 bytes, startup_skeaz1284.o(.text))
<BR>[Address Reference Count : 1]<UL><LI> startup_skeaz1284.o(RESET)
</UL>
<P><STRONG><a name="[16]"></a>ACMP0_IRQHandler</STRONG> (Thumb, 0 bytes, Stack size 0 bytes, startup_skeaz1284.o(.text))
<BR><BR>[Calls]<UL><LI><a href="#[16]">&gt;&gt;</a>&nbsp;&nbsp;&nbsp;ACMP0_IRQHandler
</UL>
<BR>[Called By]<UL><LI><a href="#[16]">&gt;&gt;</a>&nbsp;&nbsp;&nbsp;ACMP0_IRQHandler
</UL>
<BR>[Address Reference Count : 1]<UL><LI> startup_skeaz1284.o(RESET)
</UL>
<P><STRONG><a name="[1b]"></a>ACMP1_IRQHandler</STRONG> (Thumb, 0 bytes, Stack size 0 bytes, startup_skeaz1284.o(.text))
<BR>[Address Reference Count : 1]<UL><LI> startup_skeaz1284.o(RESET)
</UL>
<P><STRONG><a name="[15]"></a>ADC_IRQHandler</STRONG> (Thumb, 0 bytes, Stack size 0 bytes, startup_skeaz1284.o(.text))
<BR>[Address Reference Count : 1]<UL><LI> startup_skeaz1284.o(RESET)
</UL>
<P><STRONG><a name="[7e]"></a>DefaultISR</STRONG> (Thumb, 0 bytes, Stack size 0 bytes, startup_skeaz1284.o(.text), UNUSED)

<P><STRONG><a name="[17]"></a>FTM0_IRQHandler</STRONG> (Thumb, 0 bytes, Stack size 0 bytes, startup_skeaz1284.o(.text))
<BR>[Address Reference Count : 1]<UL><LI> startup_skeaz1284.o(RESET)
</UL>
<P><STRONG><a name="[18]"></a>FTM1_IRQHandler</STRONG> (Thumb, 0 bytes, Stack size 0 bytes, startup_skeaz1284.o(.text))
<BR>[Address Reference Count : 1]<UL><LI> startup_skeaz1284.o(RESET)
</UL>
<P><STRONG><a name="[19]"></a>FTM2_IRQHandler</STRONG> (Thumb, 0 bytes, Stack size 0 bytes, startup_skeaz1284.o(.text))
<BR>[Address Reference Count : 1]<UL><LI> startup_skeaz1284.o(RESET)
</UL>
<P><STRONG><a name="[b]"></a>FTMRE_IRQHandler</STRONG> (Thumb, 0 bytes, Stack size 0 bytes, startup_skeaz1284.o(.text))
<BR>[Address Reference Count : 1]<UL><LI> startup_skeaz1284.o(RESET)
</UL>
<P><STRONG><a name="[e]"></a>I2C0_IRQHandler</STRONG> (Thumb, 0 bytes, Stack size 0 bytes, startup_skeaz1284.o(.text))
<BR>[Address Reference Count : 1]<UL><LI> startup_skeaz1284.o(RESET)
</UL>
<P><STRONG><a name="[f]"></a>I2C1_IRQHandler</STRONG> (Thumb, 0 bytes, Stack size 0 bytes, startup_skeaz1284.o(.text))
<BR>[Address Reference Count : 1]<UL><LI> startup_skeaz1284.o(RESET)
</UL>
<P><STRONG><a name="[21]"></a>ICS_IRQHandler</STRONG> (Thumb, 0 bytes, Stack size 0 bytes, startup_skeaz1284.o(.text))
<BR>[Address Reference Count : 1]<UL><LI> startup_skeaz1284.o(RESET)
</UL>
<P><STRONG><a name="[1f]"></a>KBI1_IRQHandler</STRONG> (Thumb, 0 bytes, Stack size 0 bytes, startup_skeaz1284.o(.text))
<BR>[Address Reference Count : 1]<UL><LI> startup_skeaz1284.o(RESET)
</UL>
<P><STRONG><a name="[24]"></a>MSCAN_RX_IRQHandler</STRONG> (Thumb, 0 bytes, Stack size 0 bytes, startup_skeaz1284.o(.text))
<BR>[Address Reference Count : 1]<UL><LI> startup_skeaz1284.o(RESET)
</UL>
<P><STRONG><a name="[25]"></a>MSCAN_TX_IRQHandler</STRONG> (Thumb, 0 bytes, Stack size 0 bytes, startup_skeaz1284.o(.text))
<BR>[Address Reference Count : 1]<UL><LI> startup_skeaz1284.o(RESET)
</UL>
<P><STRONG><a name="[c]"></a>PMC_IRQHandler</STRONG> (Thumb, 0 bytes, Stack size 0 bytes, startup_skeaz1284.o(.text))
<BR>[Address Reference Count : 1]<UL><LI> startup_skeaz1284.o(RESET)
</UL>
<P><STRONG><a name="[23]"></a>PWT_IRQHandler</STRONG> (Thumb, 0 bytes, Stack size 0 bytes, startup_skeaz1284.o(.text))
<BR>[Address Reference Count : 1]<UL><LI> startup_skeaz1284.o(RESET)
</UL>
<P><STRONG><a name="[1a]"></a>RTC_IRQHandler</STRONG> (Thumb, 0 bytes, Stack size 0 bytes, startup_skeaz1284.o(.text))
<BR>[Address Reference Count : 1]<UL><LI> startup_skeaz1284.o(RESET)
</UL>
<P><STRONG><a name="[6]"></a>Reserved16_IRQHandler</STRONG> (Thumb, 0 bytes, Stack size 0 bytes, startup_skeaz1284.o(.text))
<BR>[Address Reference Count : 1]<UL><LI> startup_skeaz1284.o(RESET)
</UL>
<P><STRONG><a name="[7]"></a>Reserved17_IRQHandler</STRONG> (Thumb, 0 bytes, Stack size 0 bytes, startup_skeaz1284.o(.text))
<BR>[Address Reference Count : 1]<UL><LI> startup_skeaz1284.o(RESET)
</UL>
<P><STRONG><a name="[8]"></a>Reserved18_IRQHandler</STRONG> (Thumb, 0 bytes, Stack size 0 bytes, startup_skeaz1284.o(.text))
<BR>[Address Reference Count : 1]<UL><LI> startup_skeaz1284.o(RESET)
</UL>
<P><STRONG><a name="[9]"></a>Reserved19_IRQHandler</STRONG> (Thumb, 0 bytes, Stack size 0 bytes, startup_skeaz1284.o(.text))
<BR>[Address Reference Count : 1]<UL><LI> startup_skeaz1284.o(RESET)
</UL>
<P><STRONG><a name="[a]"></a>Reserved20_IRQHandler</STRONG> (Thumb, 0 bytes, Stack size 0 bytes, startup_skeaz1284.o(.text))
<BR>[Address Reference Count : 1]<UL><LI> startup_skeaz1284.o(RESET)
</UL>
<P><STRONG><a name="[20]"></a>Reserved42_IRQHandler</STRONG> (Thumb, 0 bytes, Stack size 0 bytes, startup_skeaz1284.o(.text))
<BR>[Address Reference Count : 1]<UL><LI> startup_skeaz1284.o(RESET)
</UL>
<P><STRONG><a name="[10]"></a>SPI0_IRQHandler</STRONG> (Thumb, 0 bytes, Stack size 0 bytes, startup_skeaz1284.o(.text))
<BR>[Address Reference Count : 1]<UL><LI> startup_skeaz1284.o(RESET)
</UL>
<P><STRONG><a name="[11]"></a>SPI1_IRQHandler</STRONG> (Thumb, 0 bytes, Stack size 0 bytes, startup_skeaz1284.o(.text))
<BR>[Address Reference Count : 1]<UL><LI> startup_skeaz1284.o(RESET)
</UL>
<P><STRONG><a name="[12]"></a>UART0_IRQHandler</STRONG> (Thumb, 0 bytes, Stack size 0 bytes, startup_skeaz1284.o(.text))
<BR>[Address Reference Count : 1]<UL><LI> startup_skeaz1284.o(RESET)
</UL>
<P><STRONG><a name="[13]"></a>UART1_IRQHandler</STRONG> (Thumb, 0 bytes, Stack size 0 bytes, startup_skeaz1284.o(.text))
<BR>[Address Reference Count : 1]<UL><LI> startup_skeaz1284.o(RESET)
</UL>
<P><STRONG><a name="[22]"></a>WDOG_IRQHandler</STRONG> (Thumb, 0 bytes, Stack size 0 bytes, startup_skeaz1284.o(.text))
<BR>[Address Reference Count : 1]<UL><LI> startup_skeaz1284.o(RESET)
</UL>
<P><STRONG><a name="[7f]"></a>__aeabi_uidiv</STRONG> (Thumb, 0 bytes, Stack size 12 bytes, uidiv.o(.text), UNUSED)

<P><STRONG><a name="[2e]"></a>__aeabi_uidivmod</STRONG> (Thumb, 44 bytes, Stack size 12 bytes, uidiv.o(.text))
<BR><BR>[Stack]<UL><LI>Max Depth = 12<LI>Call Chain = __aeabi_uidivmod
</UL>
<BR>[Called By]<UL><LI><a href="#[44]">&gt;&gt;</a>&nbsp;&nbsp;&nbsp;i2c_init
<LI><a href="#[4e]">&gt;&gt;</a>&nbsp;&nbsp;&nbsp;UART_Init
<LI><a href="#[64]">&gt;&gt;</a>&nbsp;&nbsp;&nbsp;ftm_pwm_init
<LI><a href="#[63]">&gt;&gt;</a>&nbsp;&nbsp;&nbsp;ftm_pwm_duty
<LI><a href="#[54]">&gt;&gt;</a>&nbsp;&nbsp;&nbsp;_printf_core
<LI><a href="#[2d]">&gt;&gt;</a>&nbsp;&nbsp;&nbsp;__aeabi_idivmod
</UL>

<P><STRONG><a name="[80]"></a>__aeabi_idiv</STRONG> (Thumb, 0 bytes, Stack size 16 bytes, idiv.o(.text), UNUSED)

<P><STRONG><a name="[2d]"></a>__aeabi_idivmod</STRONG> (Thumb, 40 bytes, Stack size 16 bytes, idiv.o(.text))
<BR><BR>[Stack]<UL><LI>Max Depth = 28<LI>Call Chain = __aeabi_idivmod &rArr; __aeabi_uidivmod
</UL>
<BR>[Calls]<UL><LI><a href="#[2e]">&gt;&gt;</a>&nbsp;&nbsp;&nbsp;__aeabi_uidivmod
</UL>
<BR>[Called By]<UL><LI><a href="#[1c]">&gt;&gt;</a>&nbsp;&nbsp;&nbsp;PIT_CH0_IRQHandler
</UL>

<P><STRONG><a name="[81]"></a>__aeabi_memcpy</STRONG> (Thumb, 36 bytes, Stack size 0 bytes, memcpya.o(.text), UNUSED)

<P><STRONG><a name="[68]"></a>__aeabi_memcpy4</STRONG> (Thumb, 0 bytes, Stack size 0 bytes, memcpya.o(.text))
<BR><BR>[Called By]<UL><LI><a href="#[44]">&gt;&gt;</a>&nbsp;&nbsp;&nbsp;i2c_init
</UL>

<P><STRONG><a name="[82]"></a>__aeabi_memcpy8</STRONG> (Thumb, 0 bytes, Stack size 0 bytes, memcpya.o(.text), UNUSED)

<P><STRONG><a name="[2f]"></a>__aeabi_dadd</STRONG> (Thumb, 328 bytes, Stack size 48 bytes, dadd.o(.text))
<BR><BR>[Stack]<UL><LI>Max Depth = 104<LI>Call Chain = __aeabi_dadd &rArr; _double_epilogue &rArr; __aeabi_llsr
</UL>
<BR>[Calls]<UL><LI><a href="#[31]">&gt;&gt;</a>&nbsp;&nbsp;&nbsp;__aeabi_lasr
<LI><a href="#[30]">&gt;&gt;</a>&nbsp;&nbsp;&nbsp;__aeabi_llsl
<LI><a href="#[33]">&gt;&gt;</a>&nbsp;&nbsp;&nbsp;_double_round
<LI><a href="#[32]">&gt;&gt;</a>&nbsp;&nbsp;&nbsp;_double_epilogue
</UL>
<BR>[Called By]<UL><LI><a href="#[6d]">&gt;&gt;</a>&nbsp;&nbsp;&nbsp;upright_pid
<LI><a href="#[6c]">&gt;&gt;</a>&nbsp;&nbsp;&nbsp;speed_pid
<LI><a href="#[6e]">&gt;&gt;</a>&nbsp;&nbsp;&nbsp;pwm_control
<LI><a href="#[34]">&gt;&gt;</a>&nbsp;&nbsp;&nbsp;__aeabi_dsub
<LI><a href="#[60]">&gt;&gt;</a>&nbsp;&nbsp;&nbsp;direction_pid
<LI><a href="#[55]">&gt;&gt;</a>&nbsp;&nbsp;&nbsp;_fp_digits
<LI><a href="#[35]">&gt;&gt;</a>&nbsp;&nbsp;&nbsp;__aeabi_drsub
</UL>

<P><STRONG><a name="[34]"></a>__aeabi_dsub</STRONG> (Thumb, 12 bytes, Stack size 8 bytes, dadd.o(.text))
<BR><BR>[Stack]<UL><LI>Max Depth = 112<LI>Call Chain = __aeabi_dsub &rArr; __aeabi_dadd &rArr; _double_epilogue &rArr; __aeabi_llsr
</UL>
<BR>[Calls]<UL><LI><a href="#[2f]">&gt;&gt;</a>&nbsp;&nbsp;&nbsp;__aeabi_dadd
</UL>
<BR>[Called By]<UL><LI><a href="#[6d]">&gt;&gt;</a>&nbsp;&nbsp;&nbsp;upright_pid
<LI><a href="#[6c]">&gt;&gt;</a>&nbsp;&nbsp;&nbsp;speed_pid
<LI><a href="#[6e]">&gt;&gt;</a>&nbsp;&nbsp;&nbsp;pwm_control
<LI><a href="#[60]">&gt;&gt;</a>&nbsp;&nbsp;&nbsp;direction_pid
</UL>

<P><STRONG><a name="[35]"></a>__aeabi_drsub</STRONG> (Thumb, 12 bytes, Stack size 8 bytes, dadd.o(.text))
<BR><BR>[Stack]<UL><LI>Max Depth = 112<LI>Call Chain = __aeabi_drsub &rArr; __aeabi_dadd &rArr; _double_epilogue &rArr; __aeabi_llsr
</UL>
<BR>[Calls]<UL><LI><a href="#[2f]">&gt;&gt;</a>&nbsp;&nbsp;&nbsp;__aeabi_dadd
</UL>
<BR>[Called By]<UL><LI><a href="#[6d]">&gt;&gt;</a>&nbsp;&nbsp;&nbsp;upright_pid
</UL>

<P><STRONG><a name="[36]"></a>__aeabi_dmul</STRONG> (Thumb, 202 bytes, Stack size 72 bytes, dmul.o(.text))
<BR><BR>[Stack]<UL><LI>Max Depth = 128<LI>Call Chain = __aeabi_dmul &rArr; _double_epilogue &rArr; __aeabi_llsr
</UL>
<BR>[Calls]<UL><LI><a href="#[32]">&gt;&gt;</a>&nbsp;&nbsp;&nbsp;_double_epilogue
</UL>
<BR>[Called By]<UL><LI><a href="#[6d]">&gt;&gt;</a>&nbsp;&nbsp;&nbsp;upright_pid
<LI><a href="#[6c]">&gt;&gt;</a>&nbsp;&nbsp;&nbsp;speed_pid
<LI><a href="#[60]">&gt;&gt;</a>&nbsp;&nbsp;&nbsp;direction_pid
<LI><a href="#[55]">&gt;&gt;</a>&nbsp;&nbsp;&nbsp;_fp_digits
</UL>

<P><STRONG><a name="[37]"></a>__aeabi_i2f</STRONG> (Thumb, 22 bytes, Stack size 8 bytes, fflti.o(.text))
<BR><BR>[Stack]<UL><LI>Max Depth = 20<LI>Call Chain = __aeabi_i2f &rArr; _float_epilogue
</UL>
<BR>[Calls]<UL><LI><a href="#[38]">&gt;&gt;</a>&nbsp;&nbsp;&nbsp;_float_epilogue
</UL>
<BR>[Called By]<UL><LI><a href="#[6d]">&gt;&gt;</a>&nbsp;&nbsp;&nbsp;upright_pid
</UL>

<P><STRONG><a name="[39]"></a>__aeabi_i2d</STRONG> (Thumb, 34 bytes, Stack size 16 bytes, dflti.o(.text))
<BR><BR>[Stack]<UL><LI>Max Depth = 72<LI>Call Chain = __aeabi_i2d &rArr; _double_epilogue &rArr; __aeabi_llsr
</UL>
<BR>[Calls]<UL><LI><a href="#[32]">&gt;&gt;</a>&nbsp;&nbsp;&nbsp;_double_epilogue
</UL>
<BR>[Called By]<UL><LI><a href="#[6c]">&gt;&gt;</a>&nbsp;&nbsp;&nbsp;speed_pid
</UL>

<P><STRONG><a name="[75]"></a>CharToShort</STRONG> (Thumb, 14 bytes, Stack size 0 bytes, up right_pid.o(i.CharToShort))
<BR><BR>[Called By]<UL><LI><a href="#[6d]">&gt;&gt;</a>&nbsp;&nbsp;&nbsp;upright_pid
</UL>

<P><STRONG><a name="[83]"></a>__I$use$fp</STRONG> (Thumb, 0 bytes, Stack size 0 bytes, iusefp.o(.text), UNUSED)

<P><STRONG><a name="[2]"></a>HardFault_Handler</STRONG> (Thumb, 4 bytes, Stack size 0 bytes, kea128_it.o(i.HardFault_Handler))
<BR>[Address Reference Count : 1]<UL><LI> startup_skeaz1284.o(RESET)
</UL>
<P><STRONG><a name="[1]"></a>NMI_Handler</STRONG> (Thumb, 2 bytes, Stack size 0 bytes, kea128_it.o(i.NMI_Handler))
<BR>[Address Reference Count : 1]<UL><LI> startup_skeaz1284.o(RESET)
</UL>
<P><STRONG><a name="[4]"></a>PendSV_Handler</STRONG> (Thumb, 2 bytes, Stack size 0 bytes, kea128_it.o(i.PendSV_Handler))
<BR>[Address Reference Count : 1]<UL><LI> startup_skeaz1284.o(RESET)
</UL>
<P><STRONG><a name="[3]"></a>SVC_Handler</STRONG> (Thumb, 2 bytes, Stack size 0 bytes, kea128_it.o(i.SVC_Handler))
<BR>[Address Reference Count : 1]<UL><LI> startup_skeaz1284.o(RESET)
</UL>
<P><STRONG><a name="[3a]"></a>__aeabi_ddiv</STRONG> (Thumb, 234 bytes, Stack size 40 bytes, ddiv.o(.text))
<BR><BR>[Stack]<UL><LI>Max Depth = 48<LI>Call Chain = __aeabi_ddiv &rArr; _double_round
</UL>
<BR>[Calls]<UL><LI><a href="#[33]">&gt;&gt;</a>&nbsp;&nbsp;&nbsp;_double_round
</UL>
<BR>[Called By]<UL><LI><a href="#[6d]">&gt;&gt;</a>&nbsp;&nbsp;&nbsp;upright_pid
<LI><a href="#[6c]">&gt;&gt;</a>&nbsp;&nbsp;&nbsp;speed_pid
<LI><a href="#[6e]">&gt;&gt;</a>&nbsp;&nbsp;&nbsp;pwm_control
<LI><a href="#[60]">&gt;&gt;</a>&nbsp;&nbsp;&nbsp;direction_pid
<LI><a href="#[55]">&gt;&gt;</a>&nbsp;&nbsp;&nbsp;_fp_digits
</UL>

<P><STRONG><a name="[3b]"></a>__aeabi_ui2d</STRONG> (Thumb, 24 bytes, Stack size 16 bytes, dfltui.o(.text))
<BR><BR>[Stack]<UL><LI>Max Depth = 72<LI>Call Chain = __aeabi_ui2d &rArr; _double_epilogue &rArr; __aeabi_llsr
</UL>
<BR>[Calls]<UL><LI><a href="#[32]">&gt;&gt;</a>&nbsp;&nbsp;&nbsp;_double_epilogue
</UL>
<BR>[Called By]<UL><LI><a href="#[5b]">&gt;&gt;</a>&nbsp;&nbsp;&nbsp;adc_read
</UL>

<P><STRONG><a name="[3c]"></a>__aeabi_d2uiz</STRONG> (Thumb, 50 bytes, Stack size 8 bytes, dfixui.o(.text))
<BR><BR>[Stack]<UL><LI>Max Depth = 16<LI>Call Chain = __aeabi_d2uiz &rArr; __aeabi_llsr
</UL>
<BR>[Calls]<UL><LI><a href="#[3d]">&gt;&gt;</a>&nbsp;&nbsp;&nbsp;__aeabi_llsr
</UL>
<BR>[Called By]<UL><LI><a href="#[6e]">&gt;&gt;</a>&nbsp;&nbsp;&nbsp;pwm_control
</UL>

<P><STRONG><a name="[76]"></a>__aeabi_f2d</STRONG> (Thumb, 40 bytes, Stack size 0 bytes, f2d.o(.text))
<BR><BR>[Called By]<UL><LI><a href="#[6d]">&gt;&gt;</a>&nbsp;&nbsp;&nbsp;upright_pid
</UL>

<P><STRONG><a name="[77]"></a>__aeabi_cdcmpeq</STRONG> (Thumb, 0 bytes, Stack size 0 bytes, cdcmple.o(.text))
<BR><BR>[Called By]<UL><LI><a href="#[6d]">&gt;&gt;</a>&nbsp;&nbsp;&nbsp;upright_pid
</UL>

<P><STRONG><a name="[5d]"></a>__aeabi_cdcmple</STRONG> (Thumb, 38 bytes, Stack size 0 bytes, cdcmple.o(.text))
<BR><BR>[Called By]<UL><LI><a href="#[6d]">&gt;&gt;</a>&nbsp;&nbsp;&nbsp;upright_pid
<LI><a href="#[6c]">&gt;&gt;</a>&nbsp;&nbsp;&nbsp;speed_pid
<LI><a href="#[6e]">&gt;&gt;</a>&nbsp;&nbsp;&nbsp;pwm_control
<LI><a href="#[5b]">&gt;&gt;</a>&nbsp;&nbsp;&nbsp;adc_read
<LI><a href="#[60]">&gt;&gt;</a>&nbsp;&nbsp;&nbsp;direction_pid
</UL>

<P><STRONG><a name="[56]"></a>__aeabi_cdrcmple</STRONG> (Thumb, 38 bytes, Stack size 0 bytes, cdrcmple.o(.text))
<BR><BR>[Called By]<UL><LI><a href="#[6d]">&gt;&gt;</a>&nbsp;&nbsp;&nbsp;upright_pid
<LI><a href="#[6c]">&gt;&gt;</a>&nbsp;&nbsp;&nbsp;speed_pid
<LI><a href="#[6e]">&gt;&gt;</a>&nbsp;&nbsp;&nbsp;pwm_control
<LI><a href="#[60]">&gt;&gt;</a>&nbsp;&nbsp;&nbsp;direction_pid
<LI><a href="#[55]">&gt;&gt;</a>&nbsp;&nbsp;&nbsp;_fp_digits
</UL>

<P><STRONG><a name="[3e]"></a>__aeabi_uldivmod</STRONG> (Thumb, 96 bytes, Stack size 48 bytes, uldiv.o(.text), UNUSED)
<BR><BR>[Calls]<UL><LI><a href="#[3d]">&gt;&gt;</a>&nbsp;&nbsp;&nbsp;__aeabi_llsr
<LI><a href="#[30]">&gt;&gt;</a>&nbsp;&nbsp;&nbsp;__aeabi_llsl
</UL>
<BR>[Called By]<UL><LI><a href="#[54]">&gt;&gt;</a>&nbsp;&nbsp;&nbsp;_printf_core
<LI><a href="#[55]">&gt;&gt;</a>&nbsp;&nbsp;&nbsp;_fp_digits
</UL>

<P><STRONG><a name="[30]"></a>__aeabi_llsl</STRONG> (Thumb, 32 bytes, Stack size 8 bytes, llshl.o(.text))
<BR><BR>[Stack]<UL><LI>Max Depth = 8<LI>Call Chain = __aeabi_llsl
</UL>
<BR>[Called By]<UL><LI><a href="#[2f]">&gt;&gt;</a>&nbsp;&nbsp;&nbsp;__aeabi_dadd
<LI><a href="#[3e]">&gt;&gt;</a>&nbsp;&nbsp;&nbsp;__aeabi_uldivmod
<LI><a href="#[32]">&gt;&gt;</a>&nbsp;&nbsp;&nbsp;_double_epilogue
<LI><a href="#[41]">&gt;&gt;</a>&nbsp;&nbsp;&nbsp;__aeabi_d2ulz
</UL>

<P><STRONG><a name="[84]"></a>_ll_shift_l</STRONG> (Thumb, 0 bytes, Stack size 8 bytes, llshl.o(.text), UNUSED)

<P><STRONG><a name="[3d]"></a>__aeabi_llsr</STRONG> (Thumb, 34 bytes, Stack size 8 bytes, llushr.o(.text))
<BR><BR>[Stack]<UL><LI>Max Depth = 8<LI>Call Chain = __aeabi_llsr
</UL>
<BR>[Called By]<UL><LI><a href="#[3e]">&gt;&gt;</a>&nbsp;&nbsp;&nbsp;__aeabi_uldivmod
<LI><a href="#[32]">&gt;&gt;</a>&nbsp;&nbsp;&nbsp;_double_epilogue
<LI><a href="#[41]">&gt;&gt;</a>&nbsp;&nbsp;&nbsp;__aeabi_d2ulz
<LI><a href="#[40]">&gt;&gt;</a>&nbsp;&nbsp;&nbsp;_dsqrt
<LI><a href="#[3c]">&gt;&gt;</a>&nbsp;&nbsp;&nbsp;__aeabi_d2uiz
</UL>

<P><STRONG><a name="[85]"></a>_ll_ushift_r</STRONG> (Thumb, 0 bytes, Stack size 8 bytes, llushr.o(.text), UNUSED)

<P><STRONG><a name="[31]"></a>__aeabi_lasr</STRONG> (Thumb, 38 bytes, Stack size 8 bytes, llsshr.o(.text))
<BR><BR>[Stack]<UL><LI>Max Depth = 8<LI>Call Chain = __aeabi_lasr
</UL>
<BR>[Called By]<UL><LI><a href="#[2f]">&gt;&gt;</a>&nbsp;&nbsp;&nbsp;__aeabi_dadd
</UL>

<P><STRONG><a name="[86]"></a>_ll_sshift_r</STRONG> (Thumb, 0 bytes, Stack size 8 bytes, llsshr.o(.text), UNUSED)

<P><STRONG><a name="[87]"></a>_float_round</STRONG> (Thumb, 16 bytes, Stack size 0 bytes, fepilogue.o(.text), UNUSED)

<P><STRONG><a name="[38]"></a>_float_epilogue</STRONG> (Thumb, 114 bytes, Stack size 12 bytes, fepilogue.o(.text))
<BR><BR>[Stack]<UL><LI>Max Depth = 12<LI>Call Chain = _float_epilogue
</UL>
<BR>[Called By]<UL><LI><a href="#[37]">&gt;&gt;</a>&nbsp;&nbsp;&nbsp;__aeabi_i2f
</UL>

<P><STRONG><a name="[33]"></a>_double_round</STRONG> (Thumb, 26 bytes, Stack size 8 bytes, depilogue.o(.text))
<BR><BR>[Stack]<UL><LI>Max Depth = 8<LI>Call Chain = _double_round
</UL>
<BR>[Called By]<UL><LI><a href="#[3a]">&gt;&gt;</a>&nbsp;&nbsp;&nbsp;__aeabi_ddiv
<LI><a href="#[2f]">&gt;&gt;</a>&nbsp;&nbsp;&nbsp;__aeabi_dadd
<LI><a href="#[32]">&gt;&gt;</a>&nbsp;&nbsp;&nbsp;_double_epilogue
<LI><a href="#[40]">&gt;&gt;</a>&nbsp;&nbsp;&nbsp;_dsqrt
</UL>

<P><STRONG><a name="[32]"></a>_double_epilogue</STRONG> (Thumb, 164 bytes, Stack size 48 bytes, depilogue.o(.text))
<BR><BR>[Stack]<UL><LI>Max Depth = 56<LI>Call Chain = _double_epilogue &rArr; __aeabi_llsr
</UL>
<BR>[Calls]<UL><LI><a href="#[3d]">&gt;&gt;</a>&nbsp;&nbsp;&nbsp;__aeabi_llsr
<LI><a href="#[30]">&gt;&gt;</a>&nbsp;&nbsp;&nbsp;__aeabi_llsl
<LI><a href="#[33]">&gt;&gt;</a>&nbsp;&nbsp;&nbsp;_double_round
<LI><a href="#[3f]">&gt;&gt;</a>&nbsp;&nbsp;&nbsp;__ARM_clz
</UL>
<BR>[Called By]<UL><LI><a href="#[36]">&gt;&gt;</a>&nbsp;&nbsp;&nbsp;__aeabi_dmul
<LI><a href="#[2f]">&gt;&gt;</a>&nbsp;&nbsp;&nbsp;__aeabi_dadd
<LI><a href="#[39]">&gt;&gt;</a>&nbsp;&nbsp;&nbsp;__aeabi_i2d
<LI><a href="#[3b]">&gt;&gt;</a>&nbsp;&nbsp;&nbsp;__aeabi_ui2d
</UL>

<P><STRONG><a name="[40]"></a>_dsqrt</STRONG> (Thumb, 162 bytes, Stack size 32 bytes, dsqrt.o(.text))
<BR><BR>[Stack]<UL><LI>Max Depth = 40<LI>Call Chain = _dsqrt &rArr; __aeabi_llsr
</UL>
<BR>[Calls]<UL><LI><a href="#[3d]">&gt;&gt;</a>&nbsp;&nbsp;&nbsp;__aeabi_llsr
<LI><a href="#[33]">&gt;&gt;</a>&nbsp;&nbsp;&nbsp;_double_round
</UL>
<BR>[Called By]<UL><LI><a href="#[61]">&gt;&gt;</a>&nbsp;&nbsp;&nbsp;sqrt
</UL>

<P><STRONG><a name="[41]"></a>__aeabi_d2ulz</STRONG> (Thumb, 54 bytes, Stack size 8 bytes, dfixul.o(.text), UNUSED)
<BR><BR>[Calls]<UL><LI><a href="#[3d]">&gt;&gt;</a>&nbsp;&nbsp;&nbsp;__aeabi_llsr
<LI><a href="#[30]">&gt;&gt;</a>&nbsp;&nbsp;&nbsp;__aeabi_llsl
</UL>
<BR>[Called By]<UL><LI><a href="#[55]">&gt;&gt;</a>&nbsp;&nbsp;&nbsp;_fp_digits
</UL>

<P><STRONG><a name="[2c]"></a>__scatterload</STRONG> (Thumb, 28 bytes, Stack size 0 bytes, init.o(.text))
<BR><BR>[Calls]<UL><LI><a href="#[42]">&gt;&gt;</a>&nbsp;&nbsp;&nbsp;__main_after_scatterload
</UL>
<BR>[Called By]<UL><LI><a href="#[2b]">&gt;&gt;</a>&nbsp;&nbsp;&nbsp;_main_scatterload
</UL>

<P><STRONG><a name="[88]"></a>__scatterload_rt2</STRONG> (Thumb, 0 bytes, Stack size 0 bytes, init.o(.text), UNUSED)

<P><STRONG><a name="[89]"></a>__decompress</STRONG> (Thumb, 0 bytes, Stack size unknown bytes, __dczerorl2.o(.text), UNUSED)

<P><STRONG><a name="[8a]"></a>__decompress1</STRONG> (Thumb, 86 bytes, Stack size unknown bytes, __dczerorl2.o(.text), UNUSED)

<P><STRONG><a name="[43]"></a>I2C_Init</STRONG> (Thumb, 14 bytes, Stack size 8 bytes, up right_pid.o(i.I2C_Init))
<BR><BR>[Stack]<UL><LI>Max Depth = 196<LI>Call Chain = I2C_Init &rArr; i2c_init &rArr; __aeabi_uidivmod
</UL>
<BR>[Calls]<UL><LI><a href="#[44]">&gt;&gt;</a>&nbsp;&nbsp;&nbsp;i2c_init
</UL>
<BR>[Called By]<UL><LI><a href="#[26]">&gt;&gt;</a>&nbsp;&nbsp;&nbsp;main
</UL>

<P><STRONG><a name="[45]"></a>IIC_init</STRONG> (Thumb, 36 bytes, Stack size 8 bytes, seekfree_iic.o(i.IIC_init))
<BR><BR>[Stack]<UL><LI>Max Depth = 28<LI>Call Chain = IIC_init &rArr; gpio_init
</UL>
<BR>[Calls]<UL><LI><a href="#[46]">&gt;&gt;</a>&nbsp;&nbsp;&nbsp;gpio_init
<LI><a href="#[47]">&gt;&gt;</a>&nbsp;&nbsp;&nbsp;port_pull
</UL>
<BR>[Called By]<UL><LI><a href="#[67]">&gt;&gt;</a>&nbsp;&nbsp;&nbsp;i2c_Wait
</UL>

<P><STRONG><a name="[48]"></a>IIC_stop</STRONG> (Thumb, 48 bytes, Stack size 8 bytes, seekfree_iic.o(i.IIC_stop))
<BR><BR>[Stack]<UL><LI>Max Depth = 24<LI>Call Chain = IIC_stop &rArr; gpio_set
</UL>
<BR>[Calls]<UL><LI><a href="#[49]">&gt;&gt;</a>&nbsp;&nbsp;&nbsp;gpio_set
<LI><a href="#[4a]">&gt;&gt;</a>&nbsp;&nbsp;&nbsp;simiic_delay
</UL>
<BR>[Called By]<UL><LI><a href="#[67]">&gt;&gt;</a>&nbsp;&nbsp;&nbsp;i2c_Wait
</UL>

<P><STRONG><a name="[d]"></a>IRQ_IRQHandler</STRONG> (Thumb, 14 bytes, Stack size 0 bytes, kea128_it.o(i.IRQ_IRQHandler))
<BR>[Address Reference Count : 1]<UL><LI> startup_skeaz1284.o(RESET)
</UL>
<P><STRONG><a name="[4b]"></a>InitPit</STRONG> (Thumb, 90 bytes, Stack size 16 bytes, kea128_pit.o(i.InitPit))
<BR><BR>[Stack]<UL><LI>Max Depth = 16<LI>Call Chain = InitPit
</UL>
<BR>[Calls]<UL><LI><a href="#[4c]">&gt;&gt;</a>&nbsp;&nbsp;&nbsp;NVIC_EnableIRQ
</UL>
<BR>[Called By]<UL><LI><a href="#[26]">&gt;&gt;</a>&nbsp;&nbsp;&nbsp;main
</UL>

<P><STRONG><a name="[1e]"></a>KBI0_IRQHandler</STRONG> (Thumb, 14 bytes, Stack size 0 bytes, kea128_it.o(i.KBI0_IRQHandler))
<BR>[Address Reference Count : 1]<UL><LI> startup_skeaz1284.o(RESET)
</UL>
<P><STRONG><a name="[1c]"></a>PIT_CH0_IRQHandler</STRONG> (Thumb, 108 bytes, Stack size 8 bytes, kea128_it.o(i.PIT_CH0_IRQHandler))
<BR><BR>[Stack]<UL><LI>Max Depth = 36<LI>Call Chain = PIT_CH0_IRQHandler &rArr; __aeabi_idivmod &rArr; __aeabi_uidivmod
</UL>
<BR>[Calls]<UL><LI><a href="#[2d]">&gt;&gt;</a>&nbsp;&nbsp;&nbsp;__aeabi_idivmod
</UL>
<BR>[Address Reference Count : 1]<UL><LI> startup_skeaz1284.o(RESET)
</UL>
<P><STRONG><a name="[1d]"></a>PIT_CH1_IRQHandler</STRONG> (Thumb, 14 bytes, Stack size 0 bytes, kea128_it.o(i.PIT_CH1_IRQHandler))
<BR>[Address Reference Count : 1]<UL><LI> startup_skeaz1284.o(RESET)
</UL>
<P><STRONG><a name="[4d]"></a>SerialInit</STRONG> (Thumb, 32 bytes, Stack size 8 bytes, _debugserial.o(i.SerialInit))
<BR><BR>[Stack]<UL><LI>Max Depth = 44<LI>Call Chain = SerialInit &rArr; UART_Init &rArr; __aeabi_uidivmod
</UL>
<BR>[Calls]<UL><LI><a href="#[4f]">&gt;&gt;</a>&nbsp;&nbsp;&nbsp;uart_rx_irq_en
<LI><a href="#[4e]">&gt;&gt;</a>&nbsp;&nbsp;&nbsp;UART_Init
</UL>
<BR>[Called By]<UL><LI><a href="#[26]">&gt;&gt;</a>&nbsp;&nbsp;&nbsp;main
</UL>

<P><STRONG><a name="[5]"></a>SysTick_Handler</STRONG> (Thumb, 2 bytes, Stack size 0 bytes, kea128_it.o(i.SysTick_Handler))
<BR>[Address Reference Count : 1]<UL><LI> startup_skeaz1284.o(RESET)
</UL>
<P><STRONG><a name="[14]"></a>UART2_IRQHandler</STRONG> (Thumb, 8 bytes, Stack size 8 bytes, kea128_it.o(i.UART2_IRQHandler))
<BR><BR>[Stack]<UL><LI>Max Depth = 56<LI>Call Chain = UART2_IRQHandler &rArr; _SerialRec_Interrupt &rArr; __2printf
</UL>
<BR>[Calls]<UL><LI><a href="#[50]">&gt;&gt;</a>&nbsp;&nbsp;&nbsp;_SerialRec_Interrupt
</UL>
<BR>[Address Reference Count : 1]<UL><LI> startup_skeaz1284.o(RESET)
</UL>
<P><STRONG><a name="[4e]"></a>UART_Init</STRONG> (Thumb, 250 bytes, Stack size 24 bytes, kea128_uart.o(i.UART_Init))
<BR><BR>[Stack]<UL><LI>Max Depth = 36<LI>Call Chain = UART_Init &rArr; __aeabi_uidivmod
</UL>
<BR>[Calls]<UL><LI><a href="#[47]">&gt;&gt;</a>&nbsp;&nbsp;&nbsp;port_pull
<LI><a href="#[2e]">&gt;&gt;</a>&nbsp;&nbsp;&nbsp;__aeabi_uidivmod
</UL>
<BR>[Called By]<UL><LI><a href="#[26]">&gt;&gt;</a>&nbsp;&nbsp;&nbsp;main
<LI><a href="#[4d]">&gt;&gt;</a>&nbsp;&nbsp;&nbsp;SerialInit
</UL>

<P><STRONG><a name="[27]"></a>_CoreStart</STRONG> (Thumb, 72 bytes, Stack size 4 bytes, system_skeaz1284.o(i._CoreStart))
<BR><BR>[Stack]<UL><LI>Max Depth = 4<LI>Call Chain = _CoreStart
</UL>
<BR>[Calls]<UL><LI><a href="#[51]">&gt;&gt;</a>&nbsp;&nbsp;&nbsp;_DisableWdog
</UL>
<BR>[Address Reference Count : 1]<UL><LI> startup_skeaz1284.o(.text)
</UL>
<P><STRONG><a name="[51]"></a>_DisableWdog</STRONG> (Thumb, 16 bytes, Stack size 0 bytes, system_skeaz1284.o(i._DisableWdog))
<BR><BR>[Called By]<UL><LI><a href="#[27]">&gt;&gt;</a>&nbsp;&nbsp;&nbsp;_CoreStart
</UL>

<P><STRONG><a name="[50]"></a>_SerialRec_Interrupt</STRONG> (Thumb, 150 bytes, Stack size 24 bytes, _debugserial.o(i._SerialRec_Interrupt))
<BR><BR>[Stack]<UL><LI>Max Depth = 48<LI>Call Chain = _SerialRec_Interrupt &rArr; __2printf
</UL>
<BR>[Calls]<UL><LI><a href="#[52]">&gt;&gt;</a>&nbsp;&nbsp;&nbsp;__2printf
</UL>
<BR>[Called By]<UL><LI><a href="#[14]">&gt;&gt;</a>&nbsp;&nbsp;&nbsp;UART2_IRQHandler
</UL>

<P><STRONG><a name="[53]"></a>__0printf</STRONG> (Thumb, 24 bytes, Stack size 24 bytes, printfa.o(i.__0printf), UNUSED)
<BR><BR>[Calls]<UL><LI><a href="#[54]">&gt;&gt;</a>&nbsp;&nbsp;&nbsp;_printf_core
</UL>

<P><STRONG><a name="[8b]"></a>__1printf</STRONG> (Thumb, 0 bytes, Stack size 24 bytes, printfa.o(i.__0printf), UNUSED)

<P><STRONG><a name="[52]"></a>__2printf</STRONG> (Thumb, 0 bytes, Stack size 24 bytes, printfa.o(i.__0printf))
<BR><BR>[Stack]<UL><LI>Max Depth = 24<LI>Call Chain = __2printf
</UL>
<BR>[Called By]<UL><LI><a href="#[60]">&gt;&gt;</a>&nbsp;&nbsp;&nbsp;direction_pid
<LI><a href="#[50]">&gt;&gt;</a>&nbsp;&nbsp;&nbsp;_SerialRec_Interrupt
</UL>

<P><STRONG><a name="[8c]"></a>__c89printf</STRONG> (Thumb, 0 bytes, Stack size 24 bytes, printfa.o(i.__0printf), UNUSED)

<P><STRONG><a name="[8d]"></a>printf</STRONG> (Thumb, 0 bytes, Stack size 24 bytes, printfa.o(i.__0printf), UNUSED)

<P><STRONG><a name="[3f]"></a>__ARM_clz</STRONG> (Thumb, 46 bytes, Stack size 0 bytes, depilogue.o(i.__ARM_clz))
<BR><BR>[Called By]<UL><LI><a href="#[32]">&gt;&gt;</a>&nbsp;&nbsp;&nbsp;_double_epilogue
</UL>

<P><STRONG><a name="[66]"></a>__ARM_common_switch8</STRONG> (Thumb, 28 bytes, Stack size 8 bytes, kea128_ftm.o(i.__ARM_common_switch8))
<BR><BR>[Stack]<UL><LI>Max Depth = 8<LI>Call Chain = __ARM_common_switch8
</UL>
<BR>[Called By]<UL><LI><a href="#[65]">&gt;&gt;</a>&nbsp;&nbsp;&nbsp;ftm_pwm_mux
</UL>

<P><STRONG><a name="[8e]"></a>__scatterload_copy</STRONG> (Thumb, 14 bytes, Stack size unknown bytes, handlers.o(i.__scatterload_copy), UNUSED)

<P><STRONG><a name="[8f]"></a>__scatterload_null</STRONG> (Thumb, 2 bytes, Stack size unknown bytes, handlers.o(i.__scatterload_null), UNUSED)

<P><STRONG><a name="[90]"></a>__scatterload_zeroinit</STRONG> (Thumb, 14 bytes, Stack size unknown bytes, handlers.o(i.__scatterload_zeroinit), UNUSED)

<P><STRONG><a name="[73]"></a>__set_errno</STRONG> (Thumb, 6 bytes, Stack size 0 bytes, errno.o(i.__set_errno))
<BR><BR>[Called By]<UL><LI><a href="#[61]">&gt;&gt;</a>&nbsp;&nbsp;&nbsp;sqrt
</UL>

<P><STRONG><a name="[59]"></a>adc_Init</STRONG> (Thumb, 34 bytes, Stack size 8 bytes, direction.o(i.adc_Init))
<BR><BR>[Stack]<UL><LI>Max Depth = 8<LI>Call Chain = adc_Init
</UL>
<BR>[Calls]<UL><LI><a href="#[5a]">&gt;&gt;</a>&nbsp;&nbsp;&nbsp;adc_init
</UL>
<BR>[Called By]<UL><LI><a href="#[26]">&gt;&gt;</a>&nbsp;&nbsp;&nbsp;main
</UL>

<P><STRONG><a name="[5a]"></a>adc_init</STRONG> (Thumb, 34 bytes, Stack size 0 bytes, kea128_adc.o(i.adc_init))
<BR><BR>[Called By]<UL><LI><a href="#[59]">&gt;&gt;</a>&nbsp;&nbsp;&nbsp;adc_Init
</UL>

<P><STRONG><a name="[5c]"></a>adc_once</STRONG> (Thumb, 42 bytes, Stack size 0 bytes, kea128_adc.o(i.adc_once))
<BR><BR>[Called By]<UL><LI><a href="#[5b]">&gt;&gt;</a>&nbsp;&nbsp;&nbsp;adc_read
</UL>

<P><STRONG><a name="[5b]"></a>adc_read</STRONG> (Thumb, 232 bytes, Stack size 16 bytes, direction.o(i.adc_read))
<BR><BR>[Stack]<UL><LI>Max Depth = 88<LI>Call Chain = adc_read &rArr; __aeabi_ui2d &rArr; _double_epilogue &rArr; __aeabi_llsr
</UL>
<BR>[Calls]<UL><LI><a href="#[5c]">&gt;&gt;</a>&nbsp;&nbsp;&nbsp;adc_once
<LI><a href="#[5d]">&gt;&gt;</a>&nbsp;&nbsp;&nbsp;__aeabi_cdcmple
<LI><a href="#[3b]">&gt;&gt;</a>&nbsp;&nbsp;&nbsp;__aeabi_ui2d
</UL>
<BR>[Called By]<UL><LI><a href="#[60]">&gt;&gt;</a>&nbsp;&nbsp;&nbsp;direction_pid
</UL>

<P><STRONG><a name="[5e]"></a>bmq_Init</STRONG> (Thumb, 16 bytes, Stack size 8 bytes, speed_pid.o(i.bmq_Init))
<BR><BR>[Stack]<UL><LI>Max Depth = 32<LI>Call Chain = bmq_Init &rArr; ftm_count_init &rArr; ftm_count_mux &rArr; port_pull
</UL>
<BR>[Calls]<UL><LI><a href="#[5f]">&gt;&gt;</a>&nbsp;&nbsp;&nbsp;ftm_count_init
</UL>
<BR>[Called By]<UL><LI><a href="#[26]">&gt;&gt;</a>&nbsp;&nbsp;&nbsp;main
</UL>

<P><STRONG><a name="[60]"></a>direction_pid</STRONG> (Thumb, 398 bytes, Stack size 80 bytes, dir_pid.o(i.direction_pid))
<BR><BR>[Stack]<UL><LI>Max Depth = 208<LI>Call Chain = direction_pid &rArr; __aeabi_dmul &rArr; _double_epilogue &rArr; __aeabi_llsr
</UL>
<BR>[Calls]<UL><LI><a href="#[5b]">&gt;&gt;</a>&nbsp;&nbsp;&nbsp;adc_read
<LI><a href="#[34]">&gt;&gt;</a>&nbsp;&nbsp;&nbsp;__aeabi_dsub
<LI><a href="#[36]">&gt;&gt;</a>&nbsp;&nbsp;&nbsp;__aeabi_dmul
<LI><a href="#[3a]">&gt;&gt;</a>&nbsp;&nbsp;&nbsp;__aeabi_ddiv
<LI><a href="#[2f]">&gt;&gt;</a>&nbsp;&nbsp;&nbsp;__aeabi_dadd
<LI><a href="#[56]">&gt;&gt;</a>&nbsp;&nbsp;&nbsp;__aeabi_cdrcmple
<LI><a href="#[5d]">&gt;&gt;</a>&nbsp;&nbsp;&nbsp;__aeabi_cdcmple
<LI><a href="#[52]">&gt;&gt;</a>&nbsp;&nbsp;&nbsp;__2printf
<LI><a href="#[61]">&gt;&gt;</a>&nbsp;&nbsp;&nbsp;sqrt
</UL>
<BR>[Called By]<UL><LI><a href="#[26]">&gt;&gt;</a>&nbsp;&nbsp;&nbsp;main
</UL>

<P><STRONG><a name="[2a]"></a>fputc</STRONG> (Thumb, 20 bytes, Stack size 0 bytes, _debugserial.o(i.fputc))
<BR>[Address Reference Count : 1]<UL><LI> printfa.o(i.__0printf)
</UL>
<P><STRONG><a name="[72]"></a>ftm_count_clean</STRONG> (Thumb, 12 bytes, Stack size 0 bytes, kea128_ftm.o(i.ftm_count_clean))
<BR><BR>[Called By]<UL><LI><a href="#[6c]">&gt;&gt;</a>&nbsp;&nbsp;&nbsp;speed_pid
</UL>

<P><STRONG><a name="[71]"></a>ftm_count_get</STRONG> (Thumb, 14 bytes, Stack size 0 bytes, kea128_ftm.o(i.ftm_count_get))
<BR><BR>[Called By]<UL><LI><a href="#[6c]">&gt;&gt;</a>&nbsp;&nbsp;&nbsp;speed_pid
</UL>

<P><STRONG><a name="[5f]"></a>ftm_count_init</STRONG> (Thumb, 54 bytes, Stack size 8 bytes, kea128_ftm.o(i.ftm_count_init))
<BR><BR>[Stack]<UL><LI>Max Depth = 24<LI>Call Chain = ftm_count_init &rArr; ftm_count_mux &rArr; port_pull
</UL>
<BR>[Calls]<UL><LI><a href="#[62]">&gt;&gt;</a>&nbsp;&nbsp;&nbsp;ftm_count_mux
</UL>
<BR>[Called By]<UL><LI><a href="#[5e]">&gt;&gt;</a>&nbsp;&nbsp;&nbsp;bmq_Init
</UL>

<P><STRONG><a name="[62]"></a>ftm_count_mux</STRONG> (Thumb, 166 bytes, Stack size 8 bytes, kea128_ftm.o(i.ftm_count_mux))
<BR><BR>[Stack]<UL><LI>Max Depth = 16<LI>Call Chain = ftm_count_mux &rArr; port_pull
</UL>
<BR>[Calls]<UL><LI><a href="#[47]">&gt;&gt;</a>&nbsp;&nbsp;&nbsp;port_pull
</UL>
<BR>[Called By]<UL><LI><a href="#[5f]">&gt;&gt;</a>&nbsp;&nbsp;&nbsp;ftm_count_init
</UL>

<P><STRONG><a name="[63]"></a>ftm_pwm_duty</STRONG> (Thumb, 118 bytes, Stack size 16 bytes, kea128_ftm.o(i.ftm_pwm_duty))
<BR><BR>[Stack]<UL><LI>Max Depth = 28<LI>Call Chain = ftm_pwm_duty &rArr; __aeabi_uidivmod
</UL>
<BR>[Calls]<UL><LI><a href="#[2e]">&gt;&gt;</a>&nbsp;&nbsp;&nbsp;__aeabi_uidivmod
</UL>
<BR>[Called By]<UL><LI><a href="#[6e]">&gt;&gt;</a>&nbsp;&nbsp;&nbsp;pwm_control
</UL>

<P><STRONG><a name="[64]"></a>ftm_pwm_init</STRONG> (Thumb, 264 bytes, Stack size 48 bytes, kea128_ftm.o(i.ftm_pwm_init))
<BR><BR>[Stack]<UL><LI>Max Depth = 60<LI>Call Chain = ftm_pwm_init &rArr; ftm_pwm_mux &rArr; __ARM_common_switch8
</UL>
<BR>[Calls]<UL><LI><a href="#[65]">&gt;&gt;</a>&nbsp;&nbsp;&nbsp;ftm_pwm_mux
<LI><a href="#[2e]">&gt;&gt;</a>&nbsp;&nbsp;&nbsp;__aeabi_uidivmod
</UL>
<BR>[Called By]<UL><LI><a href="#[6b]">&gt;&gt;</a>&nbsp;&nbsp;&nbsp;pwm_Init
</UL>

<P><STRONG><a name="[65]"></a>ftm_pwm_mux</STRONG> (Thumb, 302 bytes, Stack size 4 bytes, kea128_ftm.o(i.ftm_pwm_mux))
<BR><BR>[Stack]<UL><LI>Max Depth = 12<LI>Call Chain = ftm_pwm_mux &rArr; __ARM_common_switch8
</UL>
<BR>[Calls]<UL><LI><a href="#[66]">&gt;&gt;</a>&nbsp;&nbsp;&nbsp;__ARM_common_switch8
</UL>
<BR>[Called By]<UL><LI><a href="#[64]">&gt;&gt;</a>&nbsp;&nbsp;&nbsp;ftm_pwm_init
</UL>

<P><STRONG><a name="[6f]"></a>gpio_ddr</STRONG> (Thumb, 162 bytes, Stack size 16 bytes, kea128_gpio.o(i.gpio_ddr))
<BR><BR>[Stack]<UL><LI>Max Depth = 16<LI>Call Chain = gpio_ddr
</UL>
<BR>[Called By]<UL><LI><a href="#[6e]">&gt;&gt;</a>&nbsp;&nbsp;&nbsp;pwm_control
</UL>

<P><STRONG><a name="[70]"></a>gpio_get</STRONG> (Thumb, 40 bytes, Stack size 12 bytes, kea128_gpio.o(i.gpio_get))
<BR><BR>[Stack]<UL><LI>Max Depth = 12<LI>Call Chain = gpio_get
</UL>
<BR>[Called By]<UL><LI><a href="#[6e]">&gt;&gt;</a>&nbsp;&nbsp;&nbsp;pwm_control
</UL>

<P><STRONG><a name="[46]"></a>gpio_init</STRONG> (Thumb, 214 bytes, Stack size 20 bytes, kea128_gpio.o(i.gpio_init))
<BR><BR>[Stack]<UL><LI>Max Depth = 20<LI>Call Chain = gpio_init
</UL>
<BR>[Called By]<UL><LI><a href="#[45]">&gt;&gt;</a>&nbsp;&nbsp;&nbsp;IIC_init
<LI><a href="#[6b]">&gt;&gt;</a>&nbsp;&nbsp;&nbsp;pwm_Init
</UL>

<P><STRONG><a name="[49]"></a>gpio_set</STRONG> (Thumb, 54 bytes, Stack size 16 bytes, kea128_gpio.o(i.gpio_set))
<BR><BR>[Stack]<UL><LI>Max Depth = 16<LI>Call Chain = gpio_set
</UL>
<BR>[Called By]<UL><LI><a href="#[48]">&gt;&gt;</a>&nbsp;&nbsp;&nbsp;IIC_stop
<LI><a href="#[6e]">&gt;&gt;</a>&nbsp;&nbsp;&nbsp;pwm_control
</UL>

<P><STRONG><a name="[67]"></a>i2c_Wait</STRONG> (Thumb, 156 bytes, Stack size 16 bytes, kea128_i2c.o(i.i2c_Wait))
<BR><BR>[Stack]<UL><LI>Max Depth = 44<LI>Call Chain = i2c_Wait &rArr; IIC_init &rArr; gpio_init
</UL>
<BR>[Calls]<UL><LI><a href="#[48]">&gt;&gt;</a>&nbsp;&nbsp;&nbsp;IIC_stop
<LI><a href="#[45]">&gt;&gt;</a>&nbsp;&nbsp;&nbsp;IIC_init
</UL>
<BR>[Called By]<UL><LI><a href="#[69]">&gt;&gt;</a>&nbsp;&nbsp;&nbsp;i2c_read_reg_bytes
</UL>

<P><STRONG><a name="[6a]"></a>i2c_delay</STRONG> (Thumb, 24 bytes, Stack size 8 bytes, kea128_i2c.o(i.i2c_delay))
<BR><BR>[Stack]<UL><LI>Max Depth = 8<LI>Call Chain = i2c_delay
</UL>
<BR>[Called By]<UL><LI><a href="#[69]">&gt;&gt;</a>&nbsp;&nbsp;&nbsp;i2c_read_reg_bytes
</UL>

<P><STRONG><a name="[44]"></a>i2c_init</STRONG> (Thumb, 232 bytes, Stack size 176 bytes, kea128_i2c.o(i.i2c_init))
<BR><BR>[Stack]<UL><LI>Max Depth = 188<LI>Call Chain = i2c_init &rArr; __aeabi_uidivmod
</UL>
<BR>[Calls]<UL><LI><a href="#[68]">&gt;&gt;</a>&nbsp;&nbsp;&nbsp;__aeabi_memcpy4
<LI><a href="#[2e]">&gt;&gt;</a>&nbsp;&nbsp;&nbsp;__aeabi_uidivmod
</UL>
<BR>[Called By]<UL><LI><a href="#[43]">&gt;&gt;</a>&nbsp;&nbsp;&nbsp;I2C_Init
</UL>

<P><STRONG><a name="[69]"></a>i2c_read_reg_bytes</STRONG> (Thumb, 276 bytes, Stack size 40 bytes, kea128_i2c.o(i.i2c_read_reg_bytes))
<BR><BR>[Stack]<UL><LI>Max Depth = 84<LI>Call Chain = i2c_read_reg_bytes &rArr; i2c_Wait &rArr; IIC_init &rArr; gpio_init
</UL>
<BR>[Calls]<UL><LI><a href="#[6a]">&gt;&gt;</a>&nbsp;&nbsp;&nbsp;i2c_delay
<LI><a href="#[67]">&gt;&gt;</a>&nbsp;&nbsp;&nbsp;i2c_Wait
</UL>
<BR>[Called By]<UL><LI><a href="#[6d]">&gt;&gt;</a>&nbsp;&nbsp;&nbsp;upright_pid
</UL>

<P><STRONG><a name="[26]"></a>main</STRONG> (Thumb, 132 bytes, Stack size 0 bytes, main.o(i.main))
<BR><BR>[Stack]<UL><LI>Max Depth = 208<LI>Call Chain = main &rArr; direction_pid &rArr; __aeabi_dmul &rArr; _double_epilogue &rArr; __aeabi_llsr
</UL>
<BR>[Calls]<UL><LI><a href="#[4e]">&gt;&gt;</a>&nbsp;&nbsp;&nbsp;UART_Init
<LI><a href="#[4b]">&gt;&gt;</a>&nbsp;&nbsp;&nbsp;InitPit
<LI><a href="#[6d]">&gt;&gt;</a>&nbsp;&nbsp;&nbsp;upright_pid
<LI><a href="#[6c]">&gt;&gt;</a>&nbsp;&nbsp;&nbsp;speed_pid
<LI><a href="#[6e]">&gt;&gt;</a>&nbsp;&nbsp;&nbsp;pwm_control
<LI><a href="#[6b]">&gt;&gt;</a>&nbsp;&nbsp;&nbsp;pwm_Init
<LI><a href="#[5e]">&gt;&gt;</a>&nbsp;&nbsp;&nbsp;bmq_Init
<LI><a href="#[59]">&gt;&gt;</a>&nbsp;&nbsp;&nbsp;adc_Init
<LI><a href="#[43]">&gt;&gt;</a>&nbsp;&nbsp;&nbsp;I2C_Init
<LI><a href="#[60]">&gt;&gt;</a>&nbsp;&nbsp;&nbsp;direction_pid
<LI><a href="#[4d]">&gt;&gt;</a>&nbsp;&nbsp;&nbsp;SerialInit
</UL>
<BR>[Address Reference Count : 1]<UL><LI> entry9a.o(.ARM.Collect$$$$0000000B)
</UL>
<P><STRONG><a name="[47]"></a>port_pull</STRONG> (Thumb, 74 bytes, Stack size 8 bytes, kea128_port.o(i.port_pull))
<BR><BR>[Stack]<UL><LI>Max Depth = 8<LI>Call Chain = port_pull
</UL>
<BR>[Called By]<UL><LI><a href="#[45]">&gt;&gt;</a>&nbsp;&nbsp;&nbsp;IIC_init
<LI><a href="#[4e]">&gt;&gt;</a>&nbsp;&nbsp;&nbsp;UART_Init
<LI><a href="#[62]">&gt;&gt;</a>&nbsp;&nbsp;&nbsp;ftm_count_mux
</UL>

<P><STRONG><a name="[6b]"></a>pwm_Init</STRONG> (Thumb, 80 bytes, Stack size 8 bytes, control.o(i.pwm_Init))
<BR><BR>[Stack]<UL><LI>Max Depth = 68<LI>Call Chain = pwm_Init &rArr; ftm_pwm_init &rArr; ftm_pwm_mux &rArr; __ARM_common_switch8
</UL>
<BR>[Calls]<UL><LI><a href="#[46]">&gt;&gt;</a>&nbsp;&nbsp;&nbsp;gpio_init
<LI><a href="#[64]">&gt;&gt;</a>&nbsp;&nbsp;&nbsp;ftm_pwm_init
</UL>
<BR>[Called By]<UL><LI><a href="#[26]">&gt;&gt;</a>&nbsp;&nbsp;&nbsp;main
</UL>

<P><STRONG><a name="[6e]"></a>pwm_control</STRONG> (Thumb, 648 bytes, Stack size 16 bytes, control.o(i.pwm_control))
<BR><BR>[Stack]<UL><LI>Max Depth = 128<LI>Call Chain = pwm_control &rArr; __aeabi_dsub &rArr; __aeabi_dadd &rArr; _double_epilogue &rArr; __aeabi_llsr
</UL>
<BR>[Calls]<UL><LI><a href="#[49]">&gt;&gt;</a>&nbsp;&nbsp;&nbsp;gpio_set
<LI><a href="#[70]">&gt;&gt;</a>&nbsp;&nbsp;&nbsp;gpio_get
<LI><a href="#[6f]">&gt;&gt;</a>&nbsp;&nbsp;&nbsp;gpio_ddr
<LI><a href="#[63]">&gt;&gt;</a>&nbsp;&nbsp;&nbsp;ftm_pwm_duty
<LI><a href="#[34]">&gt;&gt;</a>&nbsp;&nbsp;&nbsp;__aeabi_dsub
<LI><a href="#[3a]">&gt;&gt;</a>&nbsp;&nbsp;&nbsp;__aeabi_ddiv
<LI><a href="#[2f]">&gt;&gt;</a>&nbsp;&nbsp;&nbsp;__aeabi_dadd
<LI><a href="#[56]">&gt;&gt;</a>&nbsp;&nbsp;&nbsp;__aeabi_cdrcmple
<LI><a href="#[5d]">&gt;&gt;</a>&nbsp;&nbsp;&nbsp;__aeabi_cdcmple
<LI><a href="#[3c]">&gt;&gt;</a>&nbsp;&nbsp;&nbsp;__aeabi_d2uiz
</UL>
<BR>[Called By]<UL><LI><a href="#[26]">&gt;&gt;</a>&nbsp;&nbsp;&nbsp;main
</UL>

<P><STRONG><a name="[4a]"></a>simiic_delay</STRONG> (Thumb, 16 bytes, Stack size 0 bytes, seekfree_iic.o(i.simiic_delay))
<BR><BR>[Called By]<UL><LI><a href="#[48]">&gt;&gt;</a>&nbsp;&nbsp;&nbsp;IIC_stop
</UL>

<P><STRONG><a name="[6c]"></a>speed_pid</STRONG> (Thumb, 556 bytes, Stack size 48 bytes, speed_pid.o(i.speed_pid))
<BR><BR>[Stack]<UL><LI>Max Depth = 176<LI>Call Chain = speed_pid &rArr; __aeabi_dmul &rArr; _double_epilogue &rArr; __aeabi_llsr
</UL>
<BR>[Calls]<UL><LI><a href="#[71]">&gt;&gt;</a>&nbsp;&nbsp;&nbsp;ftm_count_get
<LI><a href="#[72]">&gt;&gt;</a>&nbsp;&nbsp;&nbsp;ftm_count_clean
<LI><a href="#[34]">&gt;&gt;</a>&nbsp;&nbsp;&nbsp;__aeabi_dsub
<LI><a href="#[36]">&gt;&gt;</a>&nbsp;&nbsp;&nbsp;__aeabi_dmul
<LI><a href="#[3a]">&gt;&gt;</a>&nbsp;&nbsp;&nbsp;__aeabi_ddiv
<LI><a href="#[2f]">&gt;&gt;</a>&nbsp;&nbsp;&nbsp;__aeabi_dadd
<LI><a href="#[56]">&gt;&gt;</a>&nbsp;&nbsp;&nbsp;__aeabi_cdrcmple
<LI><a href="#[5d]">&gt;&gt;</a>&nbsp;&nbsp;&nbsp;__aeabi_cdcmple
<LI><a href="#[39]">&gt;&gt;</a>&nbsp;&nbsp;&nbsp;__aeabi_i2d
</UL>
<BR>[Called By]<UL><LI><a href="#[26]">&gt;&gt;</a>&nbsp;&nbsp;&nbsp;main
</UL>

<P><STRONG><a name="[61]"></a>sqrt</STRONG> (Thumb, 66 bytes, Stack size 24 bytes, sqrt.o(i.sqrt))
<BR><BR>[Stack]<UL><LI>Max Depth = 64<LI>Call Chain = sqrt &rArr; _dsqrt &rArr; __aeabi_llsr
</UL>
<BR>[Calls]<UL><LI><a href="#[73]">&gt;&gt;</a>&nbsp;&nbsp;&nbsp;__set_errno
<LI><a href="#[40]">&gt;&gt;</a>&nbsp;&nbsp;&nbsp;_dsqrt
</UL>
<BR>[Called By]<UL><LI><a href="#[60]">&gt;&gt;</a>&nbsp;&nbsp;&nbsp;direction_pid
</UL>

<P><STRONG><a name="[4f]"></a>uart_rx_irq_en</STRONG> (Thumb, 36 bytes, Stack size 8 bytes, kea128_uart.o(i.uart_rx_irq_en))
<BR><BR>[Stack]<UL><LI>Max Depth = 8<LI>Call Chain = uart_rx_irq_en
</UL>
<BR>[Calls]<UL><LI><a href="#[74]">&gt;&gt;</a>&nbsp;&nbsp;&nbsp;NVIC_EnableIRQ
</UL>
<BR>[Called By]<UL><LI><a href="#[4d]">&gt;&gt;</a>&nbsp;&nbsp;&nbsp;SerialInit
</UL>

<P><STRONG><a name="[6d]"></a>upright_pid</STRONG> (Thumb, 454 bytes, Stack size 56 bytes, up right_pid.o(i.upright_pid))
<BR><BR>[Stack]<UL><LI>Max Depth = 184<LI>Call Chain = upright_pid &rArr; __aeabi_dmul &rArr; _double_epilogue &rArr; __aeabi_llsr
</UL>
<BR>[Calls]<UL><LI><a href="#[69]">&gt;&gt;</a>&nbsp;&nbsp;&nbsp;i2c_read_reg_bytes
<LI><a href="#[34]">&gt;&gt;</a>&nbsp;&nbsp;&nbsp;__aeabi_dsub
<LI><a href="#[36]">&gt;&gt;</a>&nbsp;&nbsp;&nbsp;__aeabi_dmul
<LI><a href="#[3a]">&gt;&gt;</a>&nbsp;&nbsp;&nbsp;__aeabi_ddiv
<LI><a href="#[2f]">&gt;&gt;</a>&nbsp;&nbsp;&nbsp;__aeabi_dadd
<LI><a href="#[56]">&gt;&gt;</a>&nbsp;&nbsp;&nbsp;__aeabi_cdrcmple
<LI><a href="#[5d]">&gt;&gt;</a>&nbsp;&nbsp;&nbsp;__aeabi_cdcmple
<LI><a href="#[37]">&gt;&gt;</a>&nbsp;&nbsp;&nbsp;__aeabi_i2f
<LI><a href="#[76]">&gt;&gt;</a>&nbsp;&nbsp;&nbsp;__aeabi_f2d
<LI><a href="#[35]">&gt;&gt;</a>&nbsp;&nbsp;&nbsp;__aeabi_drsub
<LI><a href="#[77]">&gt;&gt;</a>&nbsp;&nbsp;&nbsp;__aeabi_cdcmpeq
<LI><a href="#[75]">&gt;&gt;</a>&nbsp;&nbsp;&nbsp;CharToShort
</UL>
<BR>[Called By]<UL><LI><a href="#[26]">&gt;&gt;</a>&nbsp;&nbsp;&nbsp;main
</UL>
<P>
<H3>
Local Symbols
</H3>
<P><STRONG><a name="[4c]"></a>NVIC_EnableIRQ</STRONG> (Thumb, 14 bytes, Stack size 0 bytes, kea128_pit.o(i.NVIC_EnableIRQ))
<BR><BR>[Called By]<UL><LI><a href="#[4b]">&gt;&gt;</a>&nbsp;&nbsp;&nbsp;InitPit
</UL>

<P><STRONG><a name="[74]"></a>NVIC_EnableIRQ</STRONG> (Thumb, 14 bytes, Stack size 0 bytes, kea128_uart.o(i.NVIC_EnableIRQ))
<BR><BR>[Called By]<UL><LI><a href="#[4f]">&gt;&gt;</a>&nbsp;&nbsp;&nbsp;uart_rx_irq_en
</UL>

<P><STRONG><a name="[55]"></a>_fp_digits</STRONG> (Thumb, 344 bytes, Stack size 64 bytes, printfa.o(i._fp_digits), UNUSED)
<BR><BR>[Calls]<UL><LI><a href="#[36]">&gt;&gt;</a>&nbsp;&nbsp;&nbsp;__aeabi_dmul
<LI><a href="#[3a]">&gt;&gt;</a>&nbsp;&nbsp;&nbsp;__aeabi_ddiv
<LI><a href="#[2f]">&gt;&gt;</a>&nbsp;&nbsp;&nbsp;__aeabi_dadd
<LI><a href="#[56]">&gt;&gt;</a>&nbsp;&nbsp;&nbsp;__aeabi_cdrcmple
<LI><a href="#[3e]">&gt;&gt;</a>&nbsp;&nbsp;&nbsp;__aeabi_uldivmod
<LI><a href="#[41]">&gt;&gt;</a>&nbsp;&nbsp;&nbsp;__aeabi_d2ulz
</UL>
<BR>[Called By]<UL><LI><a href="#[54]">&gt;&gt;</a>&nbsp;&nbsp;&nbsp;_printf_core
</UL>

<P><STRONG><a name="[54]"></a>_printf_core</STRONG> (Thumb, 1754 bytes, Stack size 128 bytes, printfa.o(i._printf_core), UNUSED)
<BR><BR>[Calls]<UL><LI><a href="#[3e]">&gt;&gt;</a>&nbsp;&nbsp;&nbsp;__aeabi_uldivmod
<LI><a href="#[57]">&gt;&gt;</a>&nbsp;&nbsp;&nbsp;_printf_pre_padding
<LI><a href="#[58]">&gt;&gt;</a>&nbsp;&nbsp;&nbsp;_printf_post_padding
<LI><a href="#[55]">&gt;&gt;</a>&nbsp;&nbsp;&nbsp;_fp_digits
<LI><a href="#[2e]">&gt;&gt;</a>&nbsp;&nbsp;&nbsp;__aeabi_uidivmod
</UL>
<BR>[Called By]<UL><LI><a href="#[53]">&gt;&gt;</a>&nbsp;&nbsp;&nbsp;__0printf
</UL>

<P><STRONG><a name="[58]"></a>_printf_post_padding</STRONG> (Thumb, 32 bytes, Stack size 24 bytes, printfa.o(i._printf_post_padding), UNUSED)
<BR><BR>[Called By]<UL><LI><a href="#[54]">&gt;&gt;</a>&nbsp;&nbsp;&nbsp;_printf_core
</UL>

<P><STRONG><a name="[57]"></a>_printf_pre_padding</STRONG> (Thumb, 44 bytes, Stack size 40 bytes, printfa.o(i._printf_pre_padding), UNUSED)
<BR><BR>[Called By]<UL><LI><a href="#[54]">&gt;&gt;</a>&nbsp;&nbsp;&nbsp;_printf_core
</UL>
<P>
<H3>
Undefined Global Symbols
</H3><HR></body></html>
