Component: ARM Compiler 5.06 update 6 (build 750) Tool: armlink [4d35ed]

==============================================================================

Section Cross References

    startup_skeaz1284.o(RESET) refers to startup_skeaz1284.o(STACK) for __initial_sp
    startup_skeaz1284.o(RESET) refers to startup_skeaz1284.o(.text) for Reset_Handler
    startup_skeaz1284.o(RESET) refers to kea128_it.o(i.NMI_Handler) for NMI_Handler
    startup_skeaz1284.o(RESET) refers to kea128_it.o(i.HardFault_Handler) for HardFault_Handler
    startup_skeaz1284.o(RESET) refers to kea128_it.o(i.SVC_Handler) for SVC_Handler
    startup_skeaz1284.o(RESET) refers to kea128_it.o(i.PendSV_Handler) for PendSV_Handler
    startup_skeaz1284.o(RESET) refers to kea128_it.o(i.SysTick_Handler) for SysTick_Handler
    startup_skeaz1284.o(RESET) refers to kea128_it.o(i.IRQ_IRQHandler) for IRQ_IRQHandler
    startup_skeaz1284.o(RESET) refers to kea128_it.o(i.UART2_IRQHandler) for UART2_IRQHandler
    startup_skeaz1284.o(RESET) refers to kea128_it.o(i.PIT_CH0_IRQHandler) for PIT_CH0_IRQHandler
    startup_skeaz1284.o(RESET) refers to kea128_it.o(i.PIT_CH1_IRQHandler) for PIT_CH1_IRQHandler
    startup_skeaz1284.o(RESET) refers to kea128_it.o(i.KBI0_IRQHandler) for KBI0_IRQHandler
    startup_skeaz1284.o(.text) refers to system_skeaz1284.o(i._CoreStart) for _CoreStart
    startup_skeaz1284.o(.text) refers to entry.o(.ARM.Collect$$$$00000000) for __main
    system_skeaz1284.o(i._CoreStart) refers to system_skeaz1284.o(i._DisableWdog) for _DisableWdog
    kea128_flash.o(i.FLASH_EraseSector) refers to kea128_flash.o(i.FlashCmdStart) for FlashCmdStart
    kea128_flash.o(i.FLASH_WriteSector) refers to kea128_flash.o(i.FlashCmdStart) for FlashCmdStart
    kea128_flash.o(i.FlashCmdStart) refers to kea128_flash.o(.data) for s_flash_command_run
    kea128_ftm.o(i.ftm_count_clean) refers to kea128_ftm.o(.constdata) for FTMX
    kea128_ftm.o(i.ftm_count_get) refers to kea128_ftm.o(.constdata) for FTMX
    kea128_ftm.o(i.ftm_count_init) refers to kea128_ftm.o(i.ftm_count_mux) for ftm_count_mux
    kea128_ftm.o(i.ftm_count_init) refers to kea128_ftm.o(.constdata) for FTMX
    kea128_ftm.o(i.ftm_count_mux) refers to kea128_port.o(i.port_pull) for port_pull
    kea128_ftm.o(i.ftm_pwm_duty) refers to uidiv.o(.text) for __aeabi_uidivmod
    kea128_ftm.o(i.ftm_pwm_duty) refers to kea128_ftm.o(.data) for period
    kea128_ftm.o(i.ftm_pwm_duty) refers to kea128_ftm.o(.constdata) for FTMX
    kea128_ftm.o(i.ftm_pwm_freq) refers to uidiv.o(.text) for __aeabi_uidivmod
    kea128_ftm.o(i.ftm_pwm_freq) refers to kea128_ftm.o(.data) for period
    kea128_ftm.o(i.ftm_pwm_freq) refers to kea128_ftm.o(.constdata) for FTMX
    kea128_ftm.o(i.ftm_pwm_init) refers to kea128_ftm.o(i.ftm_pwm_mux) for ftm_pwm_mux
    kea128_ftm.o(i.ftm_pwm_init) refers to uidiv.o(.text) for __aeabi_uidivmod
    kea128_ftm.o(i.ftm_pwm_init) refers to kea128_ftm.o(.data) for period
    kea128_ftm.o(i.ftm_pwm_init) refers to kea128_ftm.o(.constdata) for FTMX
    kea128_ftm.o(i.ftm_pwm_mux) refers to kea128_ftm.o(i.__ARM_common_switch8) for __ARM_common_switch8
    kea128_gpio.o(i.gpio_ddr) refers to kea128_gpio.o(.constdata) for GPIOX
    kea128_gpio.o(i.gpio_get) refers to kea128_gpio.o(.constdata) for GPIOX
    kea128_gpio.o(i.gpio_init) refers to kea128_gpio.o(.constdata) for GPIOX
    kea128_gpio.o(i.gpio_set) refers to kea128_gpio.o(.constdata) for GPIOX
    kea128_gpio.o(i.gpio_turn) refers to kea128_gpio.o(.constdata) for GPIOX
    kea128_irq.o(i.irq_init) refers to kea128_systick.o(i.systick_delay_ms) for systick_delay_ms
    kea128_kbi.o(i.kbi_init) refers to kea128_port.o(i.port_pull) for port_pull
    kea128_kbi.o(i.kbi_init) refers to kea128_kbi.o(.data) for kbi
    kea128_pit.o(i.InitPit) refers to kea128_pit.o(i.NVIC_EnableIRQ) for NVIC_EnableIRQ
    kea128_pit.o(i.pit0Init) refers to kea128_pit.o(i.InitPit) for InitPit
    kea128_pit.o(i.pit0Init) refers to kea128_pit.o(i.NVIC_SetPriority) for NVIC_SetPriority
    kea128_pit.o(i.pit0Init) refers to kea128_pit.o(i.NVIC_EnableIRQ) for NVIC_EnableIRQ
    kea128_pit.o(i.pit1Init) refers to kea128_pit.o(i.InitPit) for InitPit
    kea128_pit.o(i.pit1Init) refers to kea128_pit.o(i.NVIC_SetPriority) for NVIC_SetPriority
    kea128_pit.o(i.pit1Init) refers to kea128_pit.o(i.NVIC_EnableIRQ) for NVIC_EnableIRQ
    kea128_uart.o(i.UART_Init) refers to kea128_port.o(i.port_pull) for port_pull
    kea128_uart.o(i.UART_Init) refers to uidiv.o(.text) for __aeabi_uidivmod
    kea128_uart.o(i.UART_Init) refers to kea128_uart.o(.data) for uart
    kea128_uart.o(i.uart_getchar) refers to kea128_uart.o(.data) for uart
    kea128_uart.o(i.uart_putbuff) refers to kea128_uart.o(i.uart_putchar) for uart_putchar
    kea128_uart.o(i.uart_putchar) refers to kea128_uart.o(.data) for uart
    kea128_uart.o(i.uart_putstr) refers to kea128_uart.o(i.uart_putchar) for uart_putchar
[...]
    printf5.o(i.__0sprintf$5) refers to printf5.o(i._printf_core) for _printf_core
    printf5.o(i.__0sprintf$5) refers to printf5.o(i._sputc) for _sputc
    printf5.o(i.__0vfprintf$5) refers to printf5.o(i._printf_core) for _printf_core
    printf5.o(i.__0vfprintf$5) refers to _debugserial.o(i.fputc) for fputc
    printf5.o(i.__0vprintf$5) refers to printf5.o(i._printf_core) for _printf_core
    printf5.o(i.__0vprintf$5) refers to _debugserial.o(i.fputc) for fputc
    printf5.o(i.__0vprintf$5) refers to stdout.o(.data) for __stdout
    printf5.o(i.__0vsnprintf$5) refers to printf5.o(i._printf_core) for _printf_core
    printf5.o(i.__0vsnprintf$5) refers to printf5.o(i._snputc) for _snputc
    printf5.o(i.__0vsprintf$5) refers to printf5.o(i._printf_core) for _printf_core
    printf5.o(i.__0vsprintf$5) refers to printf5.o(i._sputc) for _sputc
    printf5.o(i._printf_core) refers to uldiv.o(.text) for __aeabi_uldivmod
    printf6.o(i.__0fprintf$6) refers to printf6.o(i._printf_core) for _printf_core
    printf6.o(i.__0fprintf$6) refers to _debugserial.o(i.fputc) for fputc
    printf6.o(i.__0printf$6) refers to printf6.o(i._printf_core) for _printf_core
    printf6.o(i.__0printf$6) refers to _debugserial.o(i.fputc) for fputc
    printf6.o(i.__0printf$6) refers to stdout.o(.data) for __stdout
    printf6.o(i.__0snprintf$6) refers to printf6.o(i._printf_core) for _printf_core
    printf6.o(i.__0snprintf$6) refers to printf6.o(i._snputc) for _snputc
    printf6.o(i.__0sprintf$6) refers to printf6.o(i._printf_core) for _printf_core
    printf6.o(i.__0sprintf$6) refers to printf6.o(i._sputc) for _sputc
    printf6.o(i.__0vfprintf$6) refers to printf6.o(i._printf_core) for _printf_core
    printf6.o(i.__0vfprintf$6) refers to _debugserial.o(i.fputc) for fputc
    printf6.o(i.__0vprintf$6) refers to printf6.o(i._printf_core) for _printf_core
    printf6.o(i.__0vprintf$6) refers to _debugserial.o(i.fputc) for fputc
    printf6.o(i.__0vprintf$6) refers to stdout.o(.data) for __stdout
    printf6.o(i.__0vsnprintf$6) refers to printf6.o(i._printf_core) for _printf_core
    printf6.o(i.__0vsnprintf$6) refers to printf6.o(i._snputc) for _snputc
    printf6.o(i.__0vsprintf$6) refers to printf6.o(i._printf_core) for _printf_core
    printf6.o(i.__0vsprintf$6) refers to printf6.o(i._sputc) for _sputc
    printf6.o(i._printf_core) refers to printf6.o(i._printf_pre_padding) for _printf_pre_padding
    printf6.o(i._printf_core) refers to printf6.o(i._printf_post_padding) for _printf_post_padding
    printf6.o(i._printf_core) refers to uidiv.o(.text) for __aeabi_uidivmod
    printf7.o(i.__0fprintf$7) refers to printf7.o(i._printf_core) for _printf_core
    printf7.o(i.__0fprintf$7) refers to _debugserial.o(i.fputc) for fputc
    printf7.o(i.__0printf$7) refers to printf7.o(i._printf_core) for _printf_core
    printf7.o(i.__0printf$7) refers to _debugserial.o(i.fputc) for fputc
    printf7.o(i.__0printf$7) refers to stdout.o(.data) for __stdout
    printf7.o(i.__0snprintf$7) refers to printf7.o(i._printf_core) for _printf_core
    printf7.o(i.__0snprintf$7) refers to printf7.o(i._snputc) for _snputc
    printf7.o(i.__0sprintf$7) refers to printf7.o(i._printf_core) for _printf_core
    printf7.o(i.__0sprintf$7) refers to printf7.o(i._sputc) for _sputc
    printf7.o(i.__0vfprintf$7) refers to printf7.o(i._printf_core) for _printf_core
    printf7.o(i.__0vfprintf$7) refers to _debugserial.o(i.fputc) for fputc
    printf7.o(i.__0vprintf$7) refers to printf7.o(i._printf_core) for _printf_core
    printf7.o(i.__0vprintf$7) refers to _debugserial.o(i.fputc) for fputc
    printf7.o(i.__0vprintf$7) refers to stdout.o(.data) for __stdout
    printf7.o(i.__0vsnprintf$7) refers to printf7.o(i._printf_core) for _printf_core
    printf7.o(i.__0vsnprintf$7) refers to printf7.o(i._snputc) for _snputc
    printf7.o(i.__0vsprintf$7) refers to printf7.o(i._printf_core) for _printf_core
    printf7.o(i.__0vsprintf$7) refers to printf7.o(i._sputc) for _sputc
    printf7.o(i._printf_core) refers to printf7.o(i._printf_pre_padding) for _printf_pre_padding
    printf7.o(i._printf_core) refers to printf7.o(i._printf_post_padding) for _printf_post_padding
    printf7.o(i._printf_core) refers to uldiv.o(.text) for __aeabi_uldivmod
    printf8.o(i.__0fprintf$8) refers to printf8.o(i._printf_core) for _printf_core
    printf8.o(i.__0fprintf$8) refers to _debugserial.o(i.fputc) for fputc
    printf8.o(i.__0printf$8) refers to printf8.o(i._printf_core) for _printf_core
    printf8.o(i.__0printf$8) refers to _debugserial.o(i.fputc) for fputc
    printf8.o(i.__0printf$8) refers to stdout.o(.data) for __stdout
    printf8.o(i.__0snprintf$8) refers to printf8.o(i._printf_core) for _printf_core
    printf8.o(i.__0snprintf$8) refers to printf8.o(i._snputc) for _snputc
    printf8.o(i.__0sprintf$8) refers to printf8.o(i._printf_core) for _printf_core
    printf8.o(i.__0sprintf$8) refers to printf8.o(i._sputc) for _sputc
    printf8.o(i.__0vfprintf$8) refers to printf8.o(i._printf_core) for _printf_core
    printf8.o(i.__0vfprintf$8) refers to _debugserial.o(i.fputc) for fputc
    printf8.o(i.__0vprintf$8) refers to printf8.o(i._printf_core) for _printf_core
    printf8.o(i.__0vprintf$8) refers to _debugserial.o(i.fputc) for fputc
    printf8.o(i.__0vprintf$8) refers to stdout.o(.data) for __stdout
    printf8.o(i.__0vsnprintf$8) refers to printf8.o(i._printf_core) for _printf_core
    printf8.o(i.__0vsnprintf$8) refers to printf8.o(i._snputc) for _snputc
    printf8.o(i.__0vsprintf$8) refers to printf8.o(i._printf_core) for _printf_core
    printf8.o(i.__0vsprintf$8) refers to printf8.o(i._sputc) for _sputc
    printf8.o(i._printf_core) refers to printf8.o(i._printf_pre_padding) for _printf_pre_padding
    printf8.o(i._printf_core) refers to printf8.o(i._printf_post_padding) for _printf_post_padding
    printf8.o(i._printf_core) refers to uldiv.o(.text) for __aeabi_uldivmod
    printfa.o(i.__0fprintf) refers (Special) to iusefp.o(.text) for __I$use$fp
    printfa.o(i.__0fprintf) refers to printfa.o(i._printf_core) for _printf_core
    printfa.o(i.__0fprintf) refers to _debugserial.o(i.fputc) for fputc
    printfa.o(i.__0printf) refers (Special) to iusefp.o(.text) for __I$use$fp
    printfa.o(i.__0printf) refers to printfa.o(i._printf_core) for _printf_core
    printfa.o(i.__0printf) refers to _debugserial.o(i.fputc) for fputc
    printfa.o(i.__0printf) refers to stdout.o(.data) for __stdout
    printfa.o(i.__0snprintf) refers (Special) to iusefp.o(.text) for __I$use$fp
    printfa.o(i.__0snprintf) refers to printfa.o(i._printf_core) for _printf_core
    printfa.o(i.__0snprintf) refers to printfa.o(i._snputc) for _snputc
    printfa.o(i.__0sprintf) refers (Special) to iusefp.o(.text) for __I$use$fp
    printfa.o(i.__0sprintf) refers to printfa.o(i._printf_core) for _printf_core
    printfa.o(i.__0sprintf) refers to printfa.o(i._sputc) for _sputc
    printfa.o(i.__0vfprintf) refers (Special) to iusefp.o(.text) for __I$use$fp
    printfa.o(i.__0vfprintf) refers to printfa.o(i._printf_core) for _printf_core
    printfa.o(i.__0vfprintf) refers to _debugserial.o(i.fputc) for fputc
    printfa.o(i.__0vprintf) refers (Special) to iusefp.o(.text) for __I$use$fp
    printfa.o(i.__0vprintf) refers to printfa.o(i._printf_core) for _printf_core
    printfa.o(i.__0vprintf) refers to _debugserial.o(i.fputc) for fputc
    printfa.o(i.__0vprintf) refers to stdout.o(.data) for __stdout
    printfa.o(i.__0vsnprintf) refers (Special) to iusefp.o(.text) for __I$use$fp
    printfa.o(i.__0vsnprintf) refers to printfa.o(i._printf_core) for _printf_core
    printfa.o(i.__0vsnprintf) refers to printfa.o(i._snputc) for _snputc
    printfa.o(i.__0vsprintf) refers (Special) to iusefp.o(.text) for __I$use$fp
    printfa.o(i.__0vsprintf) refers to printfa.o(i._printf_core) for _printf_core
    printfa.o(i.__0vsprintf) refers to printfa.o(i._sputc) for _sputc
    printfa.o(i._fp_digits) refers (Special) to iusefp.o(.text) for __I$use$fp
    printfa.o(i._fp_digits) refers to dmul.o(.text) for __aeabi_dmul
    printfa.o(i._fp_digits) refers to ddiv.o(.text) for __aeabi_ddiv
    printfa.o(i._fp_digits) refers to cdrcmple.o(.text) for __aeabi_cdrcmple
    printfa.o(i._fp_digits) refers to dadd.o(.text) for __aeabi_dadd
    printfa.o(i._fp_digits) refers to dfixul.o(.text) for __aeabi_d2ulz
    printfa.o(i._fp_digits) refers to uldiv.o(.text) for __aeabi_uldivmod
    printfa.o(i._printf_core) refers (Special) to iusefp.o(.text) for __I$use$fp
    printfa.o(i._printf_core) refers to printfa.o(i._printf_pre_padding) for _printf_pre_padding
    printfa.o(i._printf_core) refers to uldiv.o(.text) for __aeabi_uldivmod
    printfa.o(i._printf_core) refers to printfa.o(i._printf_post_padding) for _printf_post_padding
    printfa.o(i._printf_core) refers to printfa.o(i._fp_digits) for _fp_digits
    printfa.o(i._printf_core) refers to uidiv.o(.text) for __aeabi_uidivmod
    printfa.o(i._printf_post_padding) refers (Special) to iusefp.o(.text) for __I$use$fp
    printfa.o(i._printf_pre_padding) refers (Special) to iusefp.o(.text) for __I$use$fp
    printfa.o(i._snputc) refers (Special) to iusefp.o(.text) for __I$use$fp
    printfa.o(i._sputc) refers (Special) to iusefp.o(.text) for __I$use$fp
    dadd.o(.text) refers (Special) to iusefp.o(.text) for __I$use$fp
    dadd.o(.text) refers to llshl.o(.text) for __aeabi_llsl
    dadd.o(.text) refers to llsshr.o(.text) for __aeabi_lasr
    dadd.o(.text) refers to depilogue.o(.text) for _double_epilogue
    dmul.o(.text) refers (Special) to iusefp.o(.text) for __I$use$fp
    dmul.o(.text) refers to depilogue.o(.text) for _double_epilogue
    ddiv.o(.text) refers (Special) to iusefp.o(.text) for __I$use$fp
    ddiv.o(.text) refers to depilogue.o(.text) for _double_round
    fflti.o(.text) refers (Special) to iusefp.o(.text) for __I$use$fp
    fflti.o(.text) refers to fepilogue.o(.text) for _float_epilogue
    ffltui.o(.text) refers (Special) to iusefp.o(.text) for __I$use$fp
    ffltui.o(.text) refers to fepilogue.o(.text) for _float_epilogue
    dflti.o(.text) refers (Special) to iusefp.o(.text) for __I$use$fp
    dflti.o(.text) refers to depilogue.o(.text) for _double_epilogue
    dfltui.o(.text) refers (Special) to iusefp.o(.text) for __I$use$fp
    dfltui.o(.text) refers to depilogue.o(.text) for _double_epilogue
    dfixui.o(.text) refers (Special) to iusefp.o(.text) for __I$use$fp
    dfixui.o(.text) refers to llushr.o(.text) for __aeabi_llsr
    f2d.o(.text) refers (Special) to iusefp.o(.text) for __I$use$fp
    cdcmple.o(.text) refers (Special) to iusefp.o(.text) for __I$use$fp
    cdrcmple.o(.text) refers (Special) to iusefp.o(.text) for __I$use$fp
    cfcmple.o(.text) refers (Special) to iusefp.o(.text) for __I$use$fp
    cfrcmple.o(.text) refers (Special) to iusefp.o(.text) for __I$use$fp
    entry2.o(.ARM.Collect$$$$00000001) refers to entry2.o(.ARM.Collect$$$$00002712) for __lit__00000000
    entry2.o(.ARM.Collect$$$$00002712) refers to startup_skeaz1284.o(STACK) for __initial_sp
    entry2.o(__vectab_stack_and_reset_area) refers to startup_skeaz1284.o(STACK) for __initial_sp
    entry2.o(__vectab_stack_and_reset_area) refers to entry.o(.ARM.Collect$$$$00000000) for __main
    entry5.o(.ARM.Collect$$$$00000004) refers to init.o(.text) for __scatterload
    entry9a.o(.ARM.Collect$$$$0000000B) refers to main.o(i.main) for main
    entry9b.o(.ARM.Collect$$$$0000000C) refers to main.o(i.main) for main
    uldiv.o(.text) refers to llushr.o(.text) for __aeabi_llsr
    uldiv.o(.text) refers to llshl.o(.text) for __aeabi_llsl
    errno.o(i.__aeabi_errno_addr) refers to errno.o(.data) for .data
    errno.o(i.__read_errno) refers to errno.o(.data) for .data
    errno.o(i.__set_errno) refers to errno.o(.data) for .data
    depilogue.o(.text) refers to depilogue.o(i.__ARM_clz) for __ARM_clz
    depilogue.o(.text) refers to llshl.o(.text) for __aeabi_llsl
    depilogue.o(.text) refers to llushr.o(.text) for __aeabi_llsr
    dsqrt.o(.text) refers to llushr.o(.text) for __aeabi_llsr
    dsqrt.o(.text) refers to depilogue.o(.text) for _double_round
    dfixul.o(.text) refers to llushr.o(.text) for __aeabi_llsr
    dfixul.o(.text) refers to llshl.o(.text) for __aeabi_llsl
    init.o(.text) refers to entry5.o(.ARM.Collect$$$$00000004) for __main_after_scatterload
    _debugserial.o(i._SerialRec_Interrupt) refers to printfa.o(i.__0printf) for __2printf
    _debugserial.o(i._SerialRec_Interrupt) refers to _debugserial.o(.data__ZZ20_SerialRec_InterruptE13_serialBuffer) for _SerialRec_Interrupt::_serialBuffer
    _debugserial.o(i._SerialRec_Interrupt) refers to _debugserial.o(.data) for stop_flag
    _debugserial.o(i._SerialRec_Interrupt) refers to _debugserial.o(.conststring) for .conststring
    _debugserial.o(i._SerialRec_Interrupt) refers to _debugserial.o(.data__ZZ20_SerialRec_InterruptE7_Buffer) for _SerialRec_Interrupt::_Buffer


==============================================================================

Removing Unused input sections from the image.

    Removing startup_skeaz1284.o(HEAP), (1024 bytes).
    Removing system_skeaz1284.o(.rev16_text), (4 bytes).
    Removing system_skeaz1284.o(.revsh_text), (4 bytes).
    Removing misc.o(.rev16_text), (4 bytes).
    Removing misc.o(.revsh_text), (4 bytes).
    Removing misc.o(i.write_vtor), (12 bytes).
    Removing common.o(.rev16_text), (4 bytes).
    Removing common.o(.revsh_text), (4 bytes).
    Removing kea128_adc.o(.rev16_text), (4 bytes).
    Removing kea128_adc.o(.revsh_text), (4 bytes).
    Removing kea128_adc.o(i.adc_stop), (12 bytes).
    Removing kea128_flash.o(.rev16_text), (4 bytes).
    Removing kea128_flash.o(.revsh_text), (4 bytes).
    Removing kea128_flash.o(i.FLASH_EraseSector), (48 bytes).
    Removing kea128_flash.o(i.FLASH_GetSectorSize), (6 bytes).
    Removing kea128_flash.o(i.FLASH_Init), (60 bytes).
    Removing kea128_flash.o(i.FLASH_WriteSector), (112 bytes).
    Removing kea128_flash.o(i.FlashCmdStart), (92 bytes).
    Removing kea128_flash.o(.data), (20 bytes).
    Removing kea128_ftm.o(.rev16_text), (4 bytes).
    Removing kea128_ftm.o(.revsh_text), (4 bytes).
    Removing kea128_ftm.o(i.ftm_pwm_freq), (120 bytes).
    Removing kea128_gpio.o(.rev16_text), (4 bytes).
    Removing kea128_gpio.o(.revsh_text), (4 bytes).
    Removing kea128_gpio.o(i.gpio_turn), (40 bytes).
    Removing kea128_irq.o(.rev16_text), (4 bytes).
    Removing kea128_irq.o(.revsh_text), (4 bytes).
    Removing kea128_irq.o(i.irq_init), (84 bytes).
    Removing kea128_kbi.o(.rev16_text), (4 bytes).
    Removing kea128_kbi.o(.revsh_text), (4 bytes).
    Removing kea128_kbi.o(i.kbi_init), (248 bytes).
    Removing kea128_kbi.o(.data), (8 bytes).
    Removing kea128_pit.o(.rev16_text), (4 bytes).
    Removing kea128_pit.o(.revsh_text), (4 bytes).
    Removing kea128_pit.o(i.NVIC_SetPriority), (120 bytes).
    Removing kea128_pit.o(i.PitDelay), (128 bytes).
    Removing kea128_pit.o(i.PitStop), (48 bytes).
    Removing kea128_pit.o(i.PitTimeGetFrom), (84 bytes).
    Removing kea128_pit.o(i.pit0Init), (30 bytes).
    Removing kea128_pit.o(i.pit1Init), (30 bytes).
    Removing kea128_port.o(.rev16_text), (4 bytes).
    Removing kea128_port.o(.revsh_text), (4 bytes).
    Removing kea128_uart.o(.rev16_text), (4 bytes).
    Removing kea128_uart.o(.revsh_text), (4 bytes).
    Removing kea128_uart.o(i.NVIC_DisableIRQ), (20 bytes).
    Removing kea128_uart.o(i.uart_getchar), (36 bytes).
    Removing kea128_uart.o(i.uart_putbuff), (30 bytes).
    Removing kea128_uart.o(i.uart_putchar), (32 bytes).
    Removing kea128_uart.o(i.uart_putstr), (26 bytes).
    Removing kea128_uart.o(i.uart_rx_irq_dis), (56 bytes).
    Removing kea128_uart.o(i.uart_txc_irq_dis), (56 bytes).
    Removing kea128_uart.o(i.uart_txc_irq_en), (40 bytes).
    Removing kea128_systick.o(.rev16_text), (4 bytes).
    Removing kea128_systick.o(.revsh_text), (4 bytes).
    Removing kea128_systick.o(i.systick_delay), (48 bytes).
    Removing kea128_systick.o(i.systick_delay_ms), (28 bytes).
    Removing kea128_systick.o(i.systick_getval), (12 bytes).
    Removing kea128_systick.o(i.systick_timing), (24 bytes).
    Removing kea128_i2c.o(.rev16_text), (4 bytes).
    Removing kea128_i2c.o(.revsh_text), (4 bytes).
    Removing kea128_i2c.o(i.i2c_read_reg), (188 bytes).
    Removing kea128_i2c.o(i.i2c_write_reg), (104 bytes).
    Removing kea128_spi.o(.rev16_text), (4 bytes).
    Removing kea128_spi.o(.revsh_text), (4 bytes).
    Removing kea128_spi.o(i.spi_init), (288 bytes).
    Removing kea128_spi.o(i.spi_mosi), (96 bytes).
    Removing kea128_spi.o(i.spi_mosi_cmd), (44 bytes).
    Removing kea128_spi.o(.constdata), (36 bytes).
    Removing kea128_spi.o(.data), (8 bytes).
    Removing font.o(.rev16_text), (4 bytes).
    Removing font.o(.revsh_text), (4 bytes).
    Removing font.o(.constdata), (3040 bytes).
    Removing seekfree_18tft.o(.rev16_text), (4 bytes).
    Removing seekfree_18tft.o(.revsh_text), (4 bytes).
    Removing seekfree_18tft.o(i.LCD_WriteData_16Bit), (54 bytes).
    Removing seekfree_18tft.o(i.Lcd_SetRegion), (86 bytes).
    Removing seekfree_18tft.o(i.Lcd_WriteData), (30 bytes).
    Removing seekfree_18tft.o(i.Lcd_WriteIndex), (30 bytes).
    Removing seekfree_18tft.o(i.dsp_single_colour), (48 bytes).
    Removing seekfree_18tft.o(i.lcd_init), (624 bytes).
    Removing seekfree_18tft.o(i.lcd_showchar), (108 bytes).
    Removing seekfree_18tft.o(i.lcd_showint16), (172 bytes).
    Removing seekfree_18tft.o(i.lcd_showint8), (126 bytes).
    Removing seekfree_18tft.o(i.lcd_showstr), (40 bytes).
    Removing seekfree_18tft.o(i.lcd_showuint16), (140 bytes).
    Removing seekfree_18tft.o(i.lcd_showuint8), (92 bytes).
    Removing seekfree_18tft.o(i.showimage), (112 bytes).
    Removing seekfree_18tft.o(i.tft_delay), (12 bytes).
    Removing seekfree_18tft.o(.constdata), (3200 bytes).
    Removing seekfree_fun.o(.rev16_text), (4 bytes).
    Removing seekfree_fun.o(.revsh_text), (4 bytes).
    Removing seekfree_fun.o(i.limit), (58 bytes).
    Removing seekfree_fun.o(i.limit_ab), (14 bytes).
    Removing seekfree_fun.o(i.my_delay), (12 bytes).
    Removing seekfree_fun.o(i.myabs), (14 bytes).
    Removing seekfree_iic.o(.rev16_text), (4 bytes).
    Removing seekfree_iic.o(.revsh_text), (4 bytes).
    Removing seekfree_iic.o(i.I2C_SendACK), (64 bytes).
    Removing seekfree_iic.o(i.IIC_start), (44 bytes).
    Removing seekfree_iic.o(i.SCCB_WaitAck), (88 bytes).
    Removing seekfree_iic.o(i.read_ch), (122 bytes).
    Removing seekfree_iic.o(i.send_ch), (78 bytes).
    Removing seekfree_iic.o(i.simiic_read_reg), (64 bytes).
    Removing seekfree_iic.o(i.simiic_read_regs), (84 bytes).
    Removing seekfree_iic.o(i.simiic_write_reg), (38 bytes).
    Removing seekfree_iic.o(.data), (9 bytes).
    Removing seekfree_l3g4200d.o(.rev16_text), (4 bytes).
    Removing seekfree_l3g4200d.o(.revsh_text), (4 bytes).
    Removing seekfree_l3g4200d.o(i.InitL3G4200D), (72 bytes).
    Removing seekfree_l3g4200d.o(i.get_l3g4200d), (112 bytes).
    Removing seekfree_l3g4200d.o(.data), (7 bytes).
    Removing seekfree_mma8451.o(.rev16_text), (4 bytes).
    Removing seekfree_mma8451.o(.revsh_text), (4 bytes).
    Removing seekfree_mma8451.o(i.MMA845x_init), (64 bytes).
    Removing seekfree_mma8451.o(i.get_mma8451), (172 bytes).
    Removing seekfree_mma8451.o(.data), (6 bytes).
    Removing seekfree_mpu6050.o(.rev16_text), (4 bytes).
    Removing seekfree_mpu6050.o(.revsh_text), (4 bytes).
    Removing seekfree_mpu6050.o(i.Get_AccData), (88 bytes).
    Removing seekfree_mpu6050.o(i.Get_Gyro), (88 bytes).
    Removing seekfree_mpu6050.o(i.InitMPU6050), (74 bytes).
    Removing seekfree_mpu6050.o(.data), (12 bytes).
    Removing seekfree_nrf24l01.o(.rev16_text), (4 bytes).
    Removing seekfree_nrf24l01.o(.revsh_text), (4 bytes).
    Removing seekfree_nrf24l01.o(i.NRF_Check), (26 bytes).
    Removing seekfree_nrf24l01.o(i.NRF_Dev_Init), (204 bytes).
    Removing seekfree_nrf24l01.o(i.NRF_Rece_Packet), (58 bytes).
    Removing seekfree_nrf24l01.o(i.NRF_SPI_R_Reg_Burst), (56 bytes).
    Removing seekfree_nrf24l01.o(i.NRF_SPI_R_Reg_Byte), (38 bytes).
    Removing seekfree_nrf24l01.o(i.NRF_SPI_WR_Byte), (60 bytes).
    Removing seekfree_nrf24l01.o(i.NRF_SPI_W_Cmd_Byte), (32 bytes).
    Removing seekfree_nrf24l01.o(i.NRF_SPI_W_Reg_Burst), (54 bytes).
    Removing seekfree_nrf24l01.o(i.NRF_SPI_W_Reg_Byte), (40 bytes).
    Removing seekfree_nrf24l01.o(i.NRF_Send_Packet), (140 bytes).
    Removing seekfree_nrf24l01.o(.bss), (64 bytes).
    Removing seekfree_nrf24l01.o(.data), (5 bytes).
    Removing seekfree_oled.o(.rev16_text), (4 bytes).
    Removing seekfree_oled.o(.revsh_text), (4 bytes).
    Removing seekfree_oled.o(i.OLED_ClrPixel), (74 bytes).
    Removing seekfree_oled.o(i.OLED_DLY_ms), (28 bytes).
    Removing seekfree_oled.o(i.OLED_Fill), (58 bytes).
    Removing seekfree_oled.o(i.OLED_HEXACSII), (50 bytes).
    Removing seekfree_oled.o(i.OLED_Init), (266 bytes).
    Removing seekfree_oled.o(i.OLED_P6x8Str), (100 bytes).
    Removing seekfree_oled.o(i.OLED_P8x16Str), (140 bytes).
    Removing seekfree_oled.o(i.OLED_Print_Num), (48 bytes).
    Removing seekfree_oled.o(i.OLED_Print_Num1), (88 bytes).
    Removing seekfree_oled.o(i.OLED_PutPixel), (74 bytes).
    Removing seekfree_oled.o(i.OLED_Set_Pos), (46 bytes).
    Removing seekfree_oled.o(i.OLED_Wr6Dat), (98 bytes).
    Removing seekfree_oled.o(i.OLED_WrCmd), (98 bytes).
    Removing seekfree_oled.o(i.OLED_WrDat), (98 bytes).
    Removing seekfree_oled.o(i.dis_bmp), (536 bytes).
    Removing seekfree_oled.o(.constdata), (2072 bytes).
    Removing seekfree_tsl1401.o(.rev16_text), (4 bytes).
    Removing seekfree_tsl1401.o(.revsh_text), (4 bytes).
    Removing seekfree_tsl1401.o(i.NVIC_SetPriority), (120 bytes).
    Removing seekfree_tsl1401.o(i.ccd_collect), (120 bytes).
    Removing seekfree_tsl1401.o(i.ccd_init), (76 bytes).
    Removing seekfree_tsl1401.o(.bss), (512 bytes).
    Removing _debugserial.o(.rev16_text), (4 bytes).
    Removing _debugserial.o(.revsh_text), (4 bytes).
    Removing _debugserial.o(i.SerialSendChar), (24 bytes).
    Removing _debugserial.o(i.SerialSendString), (44 bytes).
    Removing dir_pid.o(.rev16_text), (4 bytes).
    Removing dir_pid.o(.revsh_text), (4 bytes).
    Removing kea128_it.o(.rev16_text), (4 bytes).
    Removing kea128_it.o(.revsh_text), (4 bytes).
    Removing main.o(.rev16_text), (4 bytes).
    Removing main.o(.revsh_text), (4 bytes).
    Removing direction.o(.rev16_text), (4 bytes).
    Removing direction.o(.revsh_text), (4 bytes).
    Removing speed_pid.o(.rev16_text), (4 bytes).
    Removing speed_pid.o(.revsh_text), (4 bytes).
    Removing up right_pid.o(.rev16_text), (4 bytes).
    Removing up right_pid.o(.revsh_text), (4 bytes).
    Removing control.o(.rev16_text), (4 bytes).
    Removing control.o(.revsh_text), (4 bytes).
    Removing ffltui.o(.text), (14 bytes).
    Removing cfcmple.o(.text), (20 bytes).
    Removing cfrcmple.o(.text), (20 bytes).

181 unused section(s) (total 18661 bytes) removed from the image.

==============================================================================

Image Symbol Table

    Local Symbols

    Symbol Name                              Value     Ov Type        Size  Object(Section)

    RESET                                    0x00000000   Section      192  startup_skeaz1284.o(RESET)
    ../clib/../cmprslib/zerorunl2.c          0x00000000   Number         0  __dczerorl2.o ABSOLUTE
    ../clib/microlib/division.c              0x00000000   Number         0  idiv.o ABSOLUTE
    ../clib/microlib/division.c              0x00000000   Number         0  uldiv.o ABSOLUTE
    ../clib/microlib/division.c              0x00000000   Number         0  uidiv.o ABSOLUTE
    ../clib/microlib/errno.c                 0x00000000   Number         0  errno.o ABSOLUTE
    ../clib/microlib/init/entry.s            0x00000000   Number         0  entry.o ABSOLUTE
    ../clib/microlib/init/entry.s            0x00000000   Number         0  entry9b.o ABSOLUTE
    ../clib/microlib/init/entry.s            0x00000000   Number         0  entry10a.o ABSOLUTE
    ../clib/microlib/init/entry.s            0x00000000   Number         0  entry10b.o ABSOLUTE
    ../clib/microlib/init/entry.s            0x00000000   Number         0  entry11a.o ABSOLUTE
    ../clib/microlib/init/entry.s            0x00000000   Number         0  entry11b.o ABSOLUTE
    ../clib/microlib/init/entry.s            0x00000000   Number         0  entry9a.o ABSOLUTE
    ../clib/microlib/init/entry.s            0x00000000   Number         0  entry5.o ABSOLUTE
    ../clib/microlib/init/entry.s            0x00000000   Number         0  entry7a.o ABSOLUTE
    ../clib/microlib/init/entry.s            0x00000000   Number         0  entry7b.o ABSOLUTE
    ../clib/microlib/init/entry.s            0x00000000   Number         0  entry8a.o ABSOLUTE
    ../clib/microlib/init/entry.s            0x00000000   Number         0  entry8b.o ABSOLUTE
    ../clib/microlib/init/entry.s            0x00000000   Number         0  entry2.o ABSOLUTE
    ../clib/microlib/longlong.c              0x00000000   Number         0  llsshr.o ABSOLUTE
    ../clib/microlib/longlong.c              0x00000000   Number         0  llshl.o ABSOLUTE
    ../clib/microlib/longlong.c              0x00000000   Number         0  llushr.o ABSOLUTE
    ../clib/microlib/printf/printf.c         0x00000000   Number         0  printf3.o ABSOLUTE
    ../clib/microlib/printf/printf.c         0x00000000   Number         0  printf4.o ABSOLUTE
    ../clib/microlib/printf/printf.c         0x00000000   Number         0  printf5.o ABSOLUTE
    ../clib/microlib/printf/printf.c         0x00000000   Number         0  printf6.o ABSOLUTE
    ../clib/microlib/printf/printf.c         0x00000000   Number         0  printf0.o ABSOLUTE
    ../clib/microlib/printf/printf.c         0x00000000   Number         0  printf2.o ABSOLUTE
    ../clib/microlib/printf/printf.c         0x00000000   Number         0  printf1.o ABSOLUTE
    ../clib/microlib/printf/printf.c         0x00000000   Number         0  printf8.o ABSOLUTE
    ../clib/microlib/printf/printf.c         0x00000000   Number         0  printfa.o ABSOLUTE
    ../clib/microlib/printf/printf.c         0x00000000   Number         0  printfb.o ABSOLUTE
    ../clib/microlib/printf/printf.c         0x00000000   Number         0  printf7.o ABSOLUTE
    ../clib/microlib/printf/stubs.s          0x00000000   Number         0  stubs.o ABSOLUTE
    ../clib/microlib/stdio/streams.c         0x00000000   Number         0  stdout.o ABSOLUTE
    ../clib/microlib/string/memcpy.c         0x00000000   Number         0  memcpya.o ABSOLUTE
    ../clib/microlib/string/memcpy.c         0x00000000   Number         0  memcpyb.o ABSOLUTE
    ../clib/microlib/stubs.s                 0x00000000   Number         0  iusefp.o ABSOLUTE
    ../fplib/microlib/f2d.c                  0x00000000   Number         0  f2d.o ABSOLUTE
    ../fplib/microlib/fpadd.c                0x00000000   Number         0  dadd.o ABSOLUTE
    ../fplib/microlib/fpdiv.c                0x00000000   Number         0  ddiv.o ABSOLUTE
    ../fplib/microlib/fpepilogue.c           0x00000000   Number         0  fepilogue.o ABSOLUTE
    ../fplib/microlib/fpepilogue.c           0x00000000   Number         0  depilogue.o ABSOLUTE
    ../fplib/microlib/fpfix.c                0x00000000   Number         0  dfixui.o ABSOLUTE
    ../fplib/microlib/fpfix.c                0x00000000   Number         0  dfixul.o ABSOLUTE
    ../fplib/microlib/fpflt.c                0x00000000   Number         0  dflti.o ABSOLUTE
    ../fplib/microlib/fpflt.c                0x00000000   Number         0  ffltui.o ABSOLUTE
    ../fplib/microlib/fpflt.c                0x00000000   Number         0  fflti.o ABSOLUTE
    ../fplib/microlib/fpflt.c                0x00000000   Number         0  dfltui.o ABSOLUTE
    ../fplib/microlib/fpmul.c                0x00000000   Number         0  dmul.o ABSOLUTE
    ../fplib/microlib/fpsqrt.c               0x00000000   Number         0  dsqrt.o ABSOLUTE
    ../mathlib/sqrt.c                        0x00000000   Number         0  sqrt.o ABSOLUTE
    ../mathlib/sqrt.c                        0x00000000   Number         0  sqrt_x.o ABSOLUTE
    ..\..\Libraries\drives\src\KEA128_adc.c  0x00000000   Number         0  kea128_adc.o ABSOLUTE
    ..\..\Libraries\drives\src\KEA128_flash.c 0x00000000   Number         0  kea128_flash.o ABSOLUTE
    ..\..\Libraries\drives\src\KEA128_ftm.c  0x00000000   Number         0  kea128_ftm.o ABSOLUTE
    ..\..\Libraries\drives\src\KEA128_gpio.c 0x00000000   Number         0  kea128_gpio.o ABSOLUTE
    ..\..\Libraries\drives\src\KEA128_i2c.c  0x00000000   Number         0  kea128_i2c.o ABSOLUTE
    ..\..\Libraries\drives\src\KEA128_irq.c  0x00000000   Number         0  kea128_irq.o ABSOLUTE
    ..\..\Libraries\drives\src\KEA128_kbi.c  0x00000000   Number         0  kea128_kbi.o ABSOLUTE
    ..\..\Libraries\drives\src\KEA128_pit.c  0x00000000   Number         0  kea128_pit.o ABSOLUTE
    ..\..\Libraries\drives\src\KEA128_port.c 0x00000000   Number         0  kea128_port.o ABSOLUTE
    ..\..\Libraries\drives\src\KEA128_spi.c  0x00000000   Number         0  kea128_spi.o ABSOLUTE
    ..\..\Libraries\drives\src\KEA128_systick.c 0x00000000   Number         0  kea128_systick.o ABSOLUTE
    ..\..\Libraries\drives\src\KEA128_uart.c 0x00000000   Number         0  kea128_uart.o ABSOLUTE
    ..\..\Libraries\drives\src\common.c      0x00000000   Number         0  common.o ABSOLUTE
    ..\..\Libraries\drives\src\misc.c        0x00000000   Number         0  misc.o ABSOLUTE
    ..\..\Libraries\seekfree\SEEKFREE_18TFT.c 0x00000000   Number         0  seekfree_18tft.o ABSOLUTE
    ..\..\Libraries\seekfree\SEEKFREE_FUN.c  0x00000000   Number         0  seekfree_fun.o ABSOLUTE
    ..\..\Libraries\seekfree\SEEKFREE_IIC.c  0x00000000   Number         0  seekfree_iic.o ABSOLUTE
    ..\..\Libraries\seekfree\SEEKFREE_L3G4200D.c 0x00000000   Number         0  seekfree_l3g4200d.o ABSOLUTE
    ..\..\Libraries\seekfree\SEEKFREE_MMA8451.c 0x00000000   Number         0  seekfree_mma8451.o ABSOLUTE
    ..\..\Libraries\seekfree\SEEKFREE_MPU6050.c 0x00000000   Number         0  seekfree_mpu6050.o ABSOLUTE
    ..\..\Libraries\seekfree\SEEKFREE_NRF24L01.c 0x00000000   Number         0  seekfree_nrf24l01.o ABSOLUTE
    ..\..\Libraries\seekfree\SEEKFREE_OLED.c 0x00000000   Number         0  seekfree_oled.o ABSOLUTE
    ..\..\Libraries\seekfree\SEEKFREE_TSL1401.c 0x00000000   Number         0  seekfree_tsl1401.o ABSOLUTE
    ..\..\Libraries\seekfree\font.c          0x00000000   Number         0  font.o ABSOLUTE
    ..\..\Libraries\startup\DeviceSupport\MDK-ARM\startup_SKEAZ1284.s 0x00000000   Number         0  startup_skeaz1284.o ABSOLUTE
    ..\..\Libraries\startup\DeviceSupport\system_SKEAZ1284.c 0x00000000   Number         0  system_skeaz1284.o ABSOLUTE
    ..\USER\KEA128_IT.c                      0x00000000   Number         0  kea128_it.o ABSOLUTE
    ..\USER\LogicLayer\Hardware\_DebugSerial.c 0x00000000   Number         0  _debugserial.o ABSOLUTE
    ..\\..\\Libraries\\drives\\src\\KEA128_adc.c 0x00000000   Number         0  kea128_adc.o ABSOLUTE
    ..\\..\\Libraries\\drives\\src\\KEA128_flash.c 0x00000000   Number         0  kea128_flash.o ABSOLUTE
    ..\\..\\Libraries\\drives\\src\\KEA128_ftm.c 0x00000000   Number         0  kea128_ftm.o ABSOLUTE
    ..\\..\\Libraries\\drives\\src\\KEA128_gpio.c 0x00000000   Number         0  kea128_gpio.o ABSOLUTE
    ..\\..\\Libraries\\drives\\src\\KEA128_i2c.c 0x00000000   Number         0  kea128_i2c.o ABSOLUTE
    ..\\..\\Libraries\\drives\\src\\KEA128_irq.c 0x00000000   Number         0  kea128_irq.o ABSOLUTE
    ..\\..\\Libraries\\drives\\src\\KEA128_kbi.c 0x00000000   Number         0  kea128_kbi.o ABSOLUTE
    ..\\..\\Libraries\\drives\\src\\KEA128_pit.c 0x00000000   Number         0  kea128_pit.o ABSOLUTE
    ..\\..\\Libraries\\drives\\src\\KEA128_port.c 0x00000000   Number         0  kea128_port.o ABSOLUTE
    ..\\..\\Libraries\\drives\\src\\KEA128_spi.c 0x00000000   Number         0  kea128_spi.o ABSOLUTE
    ..\\..\\Libraries\\drives\\src\\KEA128_systick.c 0x00000000   Number         0  kea128_systick.o ABSOLUTE
    ..\\..\\Libraries\\drives\\src\\KEA128_uart.c 0x00000000   Number         0  kea128_uart.o ABSOLUTE
    ..\\..\\Libraries\\drives\\src\\common.c 0x00000000   Number         0  common.o ABSOLUTE
    ..\\..\\Libraries\\drives\\src\\misc.c   0x00000000   Number         0  misc.o ABSOLUTE
    ..\\..\\Libraries\\seekfree\\SEEKFREE_18TFT.c 0x00000000   Number         0  seekfree_18tft.o ABSOLUTE
    ..\\..\\Libraries\\seekfree\\SEEKFREE_FUN.c 0x00000000   Number         0  seekfree_fun.o ABSOLUTE
    ..\\..\\Libraries\\seekfree\\SEEKFREE_IIC.c 0x00000000   Number         0  seekfree_iic.o ABSOLUTE
    ..\\..\\Libraries\\seekfree\\SEEKFREE_L3G4200D.c 0x00000000   Number         0  seekfree_l3g4200d.o ABSOLUTE
    ..\\..\\Libraries\\seekfree\\SEEKFREE_MMA8451.c 0x00000000   Number         0  seekfree_mma8451.o ABSOLUTE
    ..\\..\\Libraries\\seekfree\\SEEKFREE_MPU6050.c 0x00000000   Number         0  seekfree_mpu6050.o ABSOLUTE
    ..\\..\\Libraries\\seekfree\\SEEKFREE_NRF24L01.c 0x00000000   Number         0  seekfree_nrf24l01.o ABSOLUTE
    ..\\..\\Libraries\\seekfree\\SEEKFREE_OLED.c 0x00000000   Number         0  seekfree_oled.o ABSOLUTE
    ..\\..\\Libraries\\seekfree\\SEEKFREE_TSL1401.c 0x00000000   Number         0  seekfree_tsl1401.o ABSOLUTE
    ..\\..\\Libraries\\seekfree\\font.c      0x00000000   Number         0  font.o ABSOLUTE
    ..\\..\\Libraries\\startup\\DeviceSupport\\system_SKEAZ1284.c 0x00000000   Number         0  system_skeaz1284.o ABSOLUTE
    ..\\USER\\KEA128_IT.c                    0x00000000   Number         0  kea128_it.o ABSOLUTE
    ..\\USER\\LogicLayer\\Hardware\\_DebugSerial.c 0x00000000   Number         0  _debugserial.o ABSOLUTE
    cdcmple.s                                0x00000000   Number         0  cdcmple.o ABSOLUTE
    cdrcmple.s                               0x00000000   Number         0  cdrcmple.o ABSOLUTE
    cfcmple.s                                0x00000000   Number         0  cfcmple.o ABSOLUTE
    cfrcmple.s                               0x00000000   Number         0  cfrcmple.o ABSOLUTE
    control.c                                0x00000000   Number         0  control.o ABSOLUTE
    control.c                                0x00000000   Number         0  control.o ABSOLUTE
    dc.s                                     0x00000000   Number         0  dc.o ABSOLUTE
    dir_pid.c                                0x00000000   Number         0  dir_pid.o ABSOLUTE
    dir_pid.c                                0x00000000   Number         0  dir_pid.o ABSOLUTE
    direction.c                              0x00000000   Number         0  direction.o ABSOLUTE
    direction.c                              0x00000000   Number         0  direction.o ABSOLUTE
    handlers.s                               0x00000000   Number         0  handlers.o ABSOLUTE
    init.s                                   0x00000000   Number         0  init.o ABSOLUTE
    main.c                                   0x00000000   Number         0  main.o ABSOLUTE
    main.c                                   0x00000000   Number         0  main.o ABSOLUTE
    speed_pid.c                              0x00000000   Number         0  speed_pid.o ABSOLUTE
    speed_pid.c                              0x00000000   Number         0  speed_pid.o ABSOLUTE
    up right_pid.c                           0x00000000   Number         0  up right_pid.o ABSOLUTE
    up right_pid.c                           0x00000000   Number         0  up right_pid.o ABSOLUTE
    .ARM.Collect$$$$00000000                 0x000000c0   Section        0  entry.o(.ARM.Collect$$$$00000000)
    .ARM.Collect$$$$00000001                 0x000000c0   Section        4  entry2.o(.ARM.Collect$$$$00000001)
    .ARM.Collect$$$$00000004                 0x000000c4   Section        4  entry5.o(.ARM.Collect$$$$00000004)
    .ARM.Collect$$$$00000008                 0x000000c8   Section        0  entry7b.o(.ARM.Collect$$$$00000008)
    .ARM.Collect$$$$0000000A                 0x000000c8   Section        0  entry8b.o(.ARM.Collect$$$$0000000A)
    .ARM.Collect$$$$0000000B                 0x000000c8   Section        8  entry9a.o(.ARM.Collect$$$$0000000B)
    .ARM.Collect$$$$0000000D                 0x000000d0   Section        0  entry10a.o(.ARM.Collect$$$$0000000D)
    .ARM.Collect$$$$0000000F                 0x000000d0   Section        0  entry11a.o(.ARM.Collect$$$$0000000F)
    .ARM.Collect$$$$00002712                 0x000000d0   Section        4  entry2.o(.ARM.Collect$$$$00002712)
    __lit__00000000                          0x000000d0   Data           4  entry2.o(.ARM.Collect$$$$00002712)
    .text                                    0x000000d4   Section       40  startup_skeaz1284.o(.text)
    .text                                    0x000000fc   Section        0  uidiv.o(.text)
    .text                                    0x00000128   Section        0  idiv.o(.text)
    .text                                    0x00000150   Section        0  memcpya.o(.text)
    .text                                    0x00000174   Section        0  dadd.o(.text)
    .text                                    0x000002d8   Section        0  dmul.o(.text)
    .text                                    0x000003a8   Section        0  fflti.o(.text)
    .text                                    0x000003c0   Section        0  dflti.o(.text)
    .text                                    0x000003e8   Section        0  iusefp.o(.text)
    i.CharToShort                            0x000003e8   Section        0  up right_pid.o(i.CharToShort)
    i.HardFault_Handler                      0x000003f6   Section        0  kea128_it.o(i.HardFault_Handler)
    i.NMI_Handler                            0x000003fa   Section        0  kea128_it.o(i.NMI_Handler)
    i.PendSV_Handler                         0x000003fc   Section        0  kea128_it.o(i.PendSV_Handler)
    i.SVC_Handler                            0x000003fe   Section        0  kea128_it.o(i.SVC_Handler)
    .ARM.__at_0x400                          0x00000400   Section       16  startup_skeaz1284.o(.ARM.__at_0x400)
    .text                                    0x00000410   Section        0  ddiv.o(.text)
    .text                                    0x00000500   Section        0  dfltui.o(.text)
    .text                                    0x0000051c   Section        0  dfixui.o(.text)
    .text                                    0x00000558   Section        0  f2d.o(.text)
    .text                                    0x00000580   Section       40  cdcmple.o(.text)
    .text                                    0x000005a8   Section       40  cdrcmple.o(.text)
    .text                                    0x000005d0   Section        0  uldiv.o(.text)
    .text                                    0x00000630   Section        0  llshl.o(.text)
    .text                                    0x00000650   Section        0  llushr.o(.text)
    .text                                    0x00000672   Section        0  llsshr.o(.text)
    .text                                    0x00000698   Section        0  fepilogue.o(.text)
    .text                                    0x0000071a   Section        0  depilogue.o(.text)
    .text                                    0x000007d8   Section        0  dsqrt.o(.text)
    .text                                    0x0000087c   Section        0  dfixul.o(.text)
    .text                                    0x000008bc   Section       36  init.o(.text)
    .text                                    0x000008e0   Section        0  __dczerorl2.o(.text)
    i.I2C_Init                               0x00000936   Section        0  up right_pid.o(i.I2C_Init)
    i.IIC_init                               0x00000944   Section        0  seekfree_iic.o(i.IIC_init)
    i.IIC_stop                               0x00000968   Section        0  seekfree_iic.o(i.IIC_stop)
    i.IRQ_IRQHandler                         0x00000998   Section        0  kea128_it.o(i.IRQ_IRQHandler)
    i.InitPit                                0x000009ac   Section        0  kea128_pit.o(i.InitPit)
    i.KBI0_IRQHandler                        0x00000a14   Section        0  kea128_it.o(i.KBI0_IRQHandler)
    i.NVIC_EnableIRQ                         0x00000a28   Section        0  kea128_pit.o(i.NVIC_EnableIRQ)
    NVIC_EnableIRQ                           0x00000a29   Thumb Code    14  kea128_pit.o(i.NVIC_EnableIRQ)
    i.NVIC_EnableIRQ                         0x00000a3c   Section        0  kea128_uart.o(i.NVIC_EnableIRQ)
    NVIC_EnableIRQ                           0x00000a3d   Thumb Code    14  kea128_uart.o(i.NVIC_EnableIRQ)
    i.PIT_CH0_IRQHandler                     0x00000a50   Section        0  kea128_it.o(i.PIT_CH0_IRQHandler)
    i.PIT_CH1_IRQHandler                     0x00000ad4   Section        0  kea128_it.o(i.PIT_CH1_IRQHandler)
    i.SerialInit                             0x00000ae8   Section        0  _debugserial.o(i.SerialInit)
    i.SysTick_Handler                        0x00000b0c   Section        0  kea128_it.o(i.SysTick_Handler)
    i.UART2_IRQHandler                       0x00000b0e   Section        0  kea128_it.o(i.UART2_IRQHandler)
    i.UART_Init                              0x00000b18   Section        0  kea128_uart.o(i.UART_Init)
    i._CoreStart                             0x00000c24   Section        0  system_skeaz1284.o(i._CoreStart)
    i._DisableWdog                           0x00000c74   Section        0  system_skeaz1284.o(i._DisableWdog)
    i._SerialRec_Interrupt                   0x00000c8c   Section        0  _debugserial.o(i._SerialRec_Interrupt)
    i.__0printf                              0x00000d50   Section        0  printfa.o(i.__0printf)
    i.__ARM_clz                              0x00000d70   Section        0  depilogue.o(i.__ARM_clz)
    i.__ARM_common_switch8                   0x00000d9e   Section        0  kea128_ftm.o(i.__ARM_common_switch8)
    i.__scatterload_copy                     0x00000dba   Section       14  handlers.o(i.__scatterload_copy)
    i.__scatterload_null                     0x00000dc8   Section        2  handlers.o(i.__scatterload_null)
    i.__scatterload_zeroinit                 0x00000dca   Section       14  handlers.o(i.__scatterload_zeroinit)
    i.__set_errno                            0x00000dd8   Section        0  errno.o(i.__set_errno)
    i._fp_digits                             0x00000de4   Section        0  printfa.o(i._fp_digits)
    _fp_digits                               0x00000de5   Thumb Code   344  printfa.o(i._fp_digits)
    i._printf_core                           0x00000f58   Section        0  printfa.o(i._printf_core)
    _printf_core                             0x00000f59   Thumb Code  1754  printfa.o(i._printf_core)
    i._printf_post_padding                   0x00001644   Section        0  printfa.o(i._printf_post_padding)
    _printf_post_padding                     0x00001645   Thumb Code    32  printfa.o(i._printf_post_padding)
    i._printf_pre_padding                    0x00001664   Section        0  printfa.o(i._printf_pre_padding)
    _printf_pre_padding                      0x00001665   Thumb Code    44  printfa.o(i._printf_pre_padding)
    i.adc_Init                               0x00001690   Section        0  direction.o(i.adc_Init)
    i.adc_init                               0x000016b4   Section        0  kea128_adc.o(i.adc_init)
    i.adc_once                               0x000016e0   Section        0  kea128_adc.o(i.adc_once)
    i.adc_read                               0x00001710   Section        0  direction.o(i.adc_read)
    i.bmq_Init                               0x00001800   Section        0  speed_pid.o(i.bmq_Init)
    i.direction_pid                          0x00001810   Section        0  dir_pid.o(i.direction_pid)
    i.fputc                                  0x000019fc   Section        0  _debugserial.o(i.fputc)
    i.ftm_count_clean                        0x00001a14   Section        0  kea128_ftm.o(i.ftm_count_clean)
    i.ftm_count_get                          0x00001a24   Section        0  kea128_ftm.o(i.ftm_count_get)
    i.ftm_count_init                         0x00001a38   Section        0  kea128_ftm.o(i.ftm_count_init)
    i.ftm_count_mux                          0x00001a74   Section        0  kea128_ftm.o(i.ftm_count_mux)
    i.ftm_pwm_duty                           0x00001b24   Section        0  kea128_ftm.o(i.ftm_pwm_duty)
    i.ftm_pwm_init                           0x00001bac   Section        0  kea128_ftm.o(i.ftm_pwm_init)
    i.ftm_pwm_mux                            0x00001cc4   Section        0  kea128_ftm.o(i.ftm_pwm_mux)
    i.gpio_ddr                               0x00001df8   Section        0  kea128_gpio.o(i.gpio_ddr)
    i.gpio_get                               0x00001ea0   Section        0  kea128_gpio.o(i.gpio_get)
    i.gpio_init                              0x00001ecc   Section        0  kea128_gpio.o(i.gpio_init)
    i.gpio_set                               0x00001fa8   Section        0  kea128_gpio.o(i.gpio_set)
    i.i2c_Wait                               0x00001fe4   Section        0  kea128_i2c.o(i.i2c_Wait)
    i.i2c_delay                              0x00002088   Section        0  kea128_i2c.o(i.i2c_delay)
    i.i2c_init                               0x000020a0   Section        0  kea128_i2c.o(i.i2c_init)
    i.i2c_read_reg_bytes                     0x0000219c   Section        0  kea128_i2c.o(i.i2c_read_reg_bytes)
    i.main                                   0x000022b4   Section        0  main.o(i.main)
    i.port_pull                              0x0000234c   Section        0  kea128_port.o(i.port_pull)
    i.pwm_Init                               0x0000239c   Section        0  control.o(i.pwm_Init)
    i.pwm_control                            0x000023f0   Section        0  control.o(i.pwm_control)
    i.simiic_delay                           0x000026b0   Section        0  seekfree_iic.o(i.simiic_delay)
    i.speed_pid                              0x000026c0   Section        0  speed_pid.o(i.speed_pid)
    i.sqrt                                   0x00002964   Section        0  sqrt.o(i.sqrt)
    i.uart_rx_irq_en                         0x000029ac   Section        0  kea128_uart.o(i.uart_rx_irq_en)
    i.upright_pid                            0x000029d4   Section        0  up right_pid.o(i.upright_pid)
    .constdata                               0x00002bf4   Section       12  kea128_ftm.o(.constdata)
    FTMX                                     0x00002bf4   Data          12  kea128_ftm.o(.constdata)
    .constdata                               0x00002c00   Section       12  kea128_gpio.o(.constdata)
    GPIOX                                    0x00002c00   Data          12  kea128_gpio.o(.constdata)
    .constdata                               0x00002c0c   Section      128  kea128_i2c.o(.constdata)
    .conststring                             0x00002c8c   Section       39  _debugserial.o(.conststring)
    .data                                    0x1ffff000   Section       12  kea128_ftm.o(.data)
    .data                                    0x1ffff00c   Section       12  kea128_uart.o(.data)
    .data                                    0x1ffff018   Section       12  kea128_i2c.o(.data)
    .data                                    0x1ffff024   Section       12  _debugserial.o(.data)
    .data                                    0x1ffff030   Section       64  dir_pid.o(.data)
    dir_errvalue                             0x1ffff050   Data           8  dir_pid.o(.data)
    dir_integralerrvalue                     0x1ffff058   Data           8  dir_pid.o(.data)
    dir_erred                                0x1ffff060   Data           8  dir_pid.o(.data)
    middline                                 0x1ffff068   Data           8  dir_pid.o(.data)
    .data                                    0x1ffff070   Section       20  kea128_it.o(.data)
    .data                                    0x1ffff088   Section       96  speed_pid.o(.data)
    speed_errvalue                           0x1ffff0c8   Data           8  speed_pid.o(.data)
    speed_integralerrvalue                   0x1ffff0d0   Data           8  speed_pid.o(.data)
    speed_erred                              0x1ffff0d8   Data           8  speed_pid.o(.data)
    speed_smooth                             0x1ffff0e0   Data           8  speed_pid.o(.data)
    .data                                    0x1ffff0e8   Section      120  up right_pid.o(.data)
    angle_errvalue                           0x1ffff0e8   Data           8  up right_pid.o(.data)
    angle_integralerrvalue                   0x1ffff0f0   Data           8  up right_pid.o(.data)
    angle_erred                              0x1ffff0f8   Data           8  up right_pid.o(.data)
    .data                                    0x1ffff160   Section       72  control.o(.data)
    .data                                    0x1ffff1a8   Section        4  stdout.o(.data)
    .data                                    0x1ffff1ac   Section        4  errno.o(.data)
    _errno                                   0x1ffff1ac   Data           4  errno.o(.data)
    .data__ZZ20_SerialRec_InterruptE13_serialBuffer 0x1ffff1b0   Section        1  _debugserial.o(.data__ZZ20_SerialRec_InterruptE13_serialBuffer)
    .data__ZZ20_SerialRec_InterruptE7_Buffer 0x1ffff1b1   Section        1  _debugserial.o(.data__ZZ20_SerialRec_InterruptE7_Buffer)
    .bss                                     0x1ffff1b8   Section       40  direction.o(.bss)
    .bss                                     0x1ffff1e0   Section       30  up right_pid.o(.bss)
    STACK                                    0x1ffff200   Section     1024  startup_skeaz1284.o(STACK)

    Global Symbols

    Symbol Name                              Value     Ov Type        Size  Object(Section)

    BuildAttributes$$THM_ISAv3M$S$PE$A:L22$X:L11$S22$IEEE1$IW$USESV6$~STKCKD$USESV7$~SHL$OTIME$ROPI$IEEEJ$EBA8$MICROLIB$REQ8$PRES8$EABIv2 0x00000000   Number         0  anon$$obj.o ABSOLUTE
    __ARM_use_no_argv                        0x00000000   Number         0  main.o ABSOLUTE
    __Vectors                                0x00000000   Data           4  startup_skeaz1284.o(RESET)
    _printf_a                                0x00000000   Number         0  stubs.o ABSOLUTE
    _printf_c                                0x00000000   Number         0  stubs.o ABSOLUTE
    _printf_charcount                        0x00000000   Number         0  stubs.o ABSOLUTE
    _printf_d                                0x00000000   Number         0  stubs.o ABSOLUTE
    _printf_e                                0x00000000   Number         0  stubs.o ABSOLUTE
    _printf_f                                0x00000000   Number         0  stubs.o ABSOLUTE
    _printf_flags                            0x00000000   Number         0  stubs.o ABSOLUTE
    _printf_fp_dec                           0x00000000   Number         0  stubs.o ABSOLUTE
    _printf_fp_hex                           0x00000000   Number         0  stubs.o ABSOLUTE
    _printf_g                                0x00000000   Number         0  stubs.o ABSOLUTE
    _printf_i                                0x00000000   Number         0  stubs.o ABSOLUTE
    _printf_int_dec                          0x00000000   Number         0  stubs.o ABSOLUTE
    _printf_l                                0x00000000   Number         0  stubs.o ABSOLUTE
    _printf_lc                               0x00000000   Number         0  stubs.o ABSOLUTE
    _printf_ll                               0x00000000   Number         0  stubs.o ABSOLUTE
    _printf_lld                              0x00000000   Number         0  stubs.o ABSOLUTE
    _printf_lli                              0x00000000   Number         0  stubs.o ABSOLUTE
    _printf_llo                              0x00000000   Number         0  stubs.o ABSOLUTE
    _printf_llu                              0x00000000   Number         0  stubs.o ABSOLUTE
    _printf_llx                              0x00000000   Number         0  stubs.o ABSOLUTE
    _printf_longlong_dec                     0x00000000   Number         0  stubs.o ABSOLUTE
    _printf_longlong_hex                     0x00000000   Number         0  stubs.o ABSOLUTE
    _printf_longlong_oct                     0x00000000   Number         0  stubs.o ABSOLUTE
    _printf_ls                               0x00000000   Number         0  stubs.o ABSOLUTE
    _printf_mbtowc                           0x00000000   Number         0  stubs.o ABSOLUTE
    _printf_n                                0x00000000   Number         0  stubs.o ABSOLUTE
    _printf_o                                0x00000000   Number         0  stubs.o ABSOLUTE
    _printf_p                                0x00000000   Number         0  stubs.o ABSOLUTE
    _printf_percent                          0x00000000   Number         0  stubs.o ABSOLUTE
    _printf_pre_padding                      0x00000000   Number         0  stubs.o ABSOLUTE
    _printf_return_value                     0x00000000   Number         0  stubs.o ABSOLUTE
    _printf_s                                0x00000000   Number         0  stubs.o ABSOLUTE
    _printf_sizespec                         0x00000000   Number         0  stubs.o ABSOLUTE
    _printf_str                              0x00000000   Number         0  stubs.o ABSOLUTE
    _printf_truncate_signed                  0x00000000   Number         0  stubs.o ABSOLUTE
    _printf_truncate_unsigned                0x00000000   Number         0  stubs.o ABSOLUTE
    _printf_u                                0x00000000   Number         0  stubs.o ABSOLUTE
    _printf_wc                               0x00000000   Number         0  stubs.o ABSOLUTE
    _printf_wctomb                           0x00000000   Number         0  stubs.o ABSOLUTE
    _printf_widthprec                        0x00000000   Number         0  stubs.o ABSOLUTE
    _printf_x                                0x00000000   Number         0  stubs.o ABSOLUTE
    __cpp_initialize__aeabi_                  - Undefined Weak Reference
    __cxa_finalize                            - Undefined Weak Reference
    _clock_init                               - Undefined Weak Reference
    _microlib_exit                            - Undefined Weak Reference
    __Vectors_End                            0x000000c0   Data           0  startup_skeaz1284.o(RESET)
    __Vectors_Size                           0x000000c0   Number         0  startup_skeaz1284.o ABSOLUTE
    __main                                   0x000000c1   Thumb Code     0  entry.o(.ARM.Collect$$$$00000000)
    _main_stk                                0x000000c1   Thumb Code     0  entry2.o(.ARM.Collect$$$$00000001)
    _main_scatterload                        0x000000c5   Thumb Code     0  entry5.o(.ARM.Collect$$$$00000004)
    __main_after_scatterload                 0x000000c9   Thumb Code     0  entry5.o(.ARM.Collect$$$$00000004)
    _main_clock                              0x000000c9   Thumb Code     0  entry7b.o(.ARM.Collect$$$$00000008)
    _main_cpp_init                           0x000000c9   Thumb Code     0  entry8b.o(.ARM.Collect$$$$0000000A)
    _main_init                               0x000000c9   Thumb Code     0  entry9a.o(.ARM.Collect$$$$0000000B)
    __rt_final_cpp                           0x000000d1   Thumb Code     0  entry10a.o(.ARM.Collect$$$$0000000D)
    __rt_final_exit                          0x000000d1   Thumb Code     0  entry11a.o(.ARM.Collect$$$$0000000F)
    init_data_bss                            0x000000d5   Thumb Code     2  startup_skeaz1284.o(.text)
    Reset_Handler                            0x000000d7   Thumb Code    12  startup_skeaz1284.o(.text)
    ACMP0_IRQHandler                         0x000000ed   Thumb Code     0  startup_skeaz1284.o(.text)
    ACMP1_IRQHandler                         0x000000ed   Thumb Code     0  startup_skeaz1284.o(.text)
    ADC_IRQHandler                           0x000000ed   Thumb Code     0  startup_skeaz1284.o(.text)
    DefaultISR                               0x000000ed   Thumb Code     0  startup_skeaz1284.o(.text)
    FTM0_IRQHandler                          0x000000ed   Thumb Code     0  startup_skeaz1284.o(.text)
    FTM1_IRQHandler                          0x000000ed   Thumb Code     0  startup_skeaz1284.o(.text)
    FTM2_IRQHandler                          0x000000ed   Thumb Code     0  startup_skeaz1284.o(.text)
    FTMRE_IRQHandler                         0x000000ed   Thumb Code     0  startup_skeaz1284.o(.text)
    I2C0_IRQHandler                          0x000000ed   Thumb Code     0  startup_skeaz1284.o(.text)
    I2C1_IRQHandler                          0x000000ed   Thumb Code     0  startup_skeaz1284.o(.text)
    ICS_IRQHandler                           0x000000ed   Thumb Code     0  startup_skeaz1284.o(.text)
    KBI1_IRQHandler                          0x000000ed   Thumb Code     0  startup_skeaz1284.o(.text)
    MSCAN_RX_IRQHandler                      0x000000ed   Thumb Code     0  startup_skeaz1284.o(.text)
    MSCAN_TX_IRQHandler                      0x000000ed   Thumb Code     0  startup_skeaz1284.o(.text)
    PMC_IRQHandler                           0x000000ed   Thumb Code     0  startup_skeaz1284.o(.text)
    PWT_IRQHandler                           0x000000ed   Thumb Code     0  startup_skeaz1284.o(.text)
    RTC_IRQHandler                           0x000000ed   Thumb Code     0  startup_skeaz1284.o(.text)
    Reserved16_IRQHandler                    0x000000ed   Thumb Code     0  startup_skeaz1284.o(.text)
    Reserved17_IRQHandler                    0x000000ed   Thumb Code     0  startup_skeaz1284.o(.text)
    Reserved18_IRQHandler                    0x000000ed   Thumb Code     0  startup_skeaz1284.o(.text)
    Reserved19_IRQHandler                    0x000000ed   Thumb Code     0  startup_skeaz1284.o(.text)
    Reserved20_IRQHandler                    0x000000ed   Thumb Code     0  startup_skeaz1284.o(.text)
    Reserved42_IRQHandler                    0x000000ed   Thumb Code     0  startup_skeaz1284.o(.text)
    SPI0_IRQHandler                          0x000000ed   Thumb Code     0  startup_skeaz1284.o(.text)
    SPI1_IRQHandler                          0x000000ed   Thumb Code     0  startup_skeaz1284.o(.text)
    UART0_IRQHandler                         0x000000ed   Thumb Code     0  startup_skeaz1284.o(.text)
    UART1_IRQHandler                         0x000000ed   Thumb Code     0  startup_skeaz1284.o(.text)
    WDOG_IRQHandler                          0x000000ed   Thumb Code     0  startup_skeaz1284.o(.text)
    __aeabi_uidiv                            0x000000fd   Thumb Code     0  uidiv.o(.text)
    __aeabi_uidivmod                         0x000000fd   Thumb Code    44  uidiv.o(.text)
    __aeabi_idiv                             0x00000129   Thumb Code     0  idiv.o(.text)
    __aeabi_idivmod                          0x00000129   Thumb Code    40  idiv.o(.text)
    __aeabi_memcpy                           0x00000151   Thumb Code    36  memcpya.o(.text)
    __aeabi_memcpy4                          0x00000151   Thumb Code     0  memcpya.o(.text)
    __aeabi_memcpy8                          0x00000151   Thumb Code     0  memcpya.o(.text)
    __aeabi_dadd                             0x00000175   Thumb Code   328  dadd.o(.text)
    __aeabi_dsub                             0x000002bd   Thumb Code    12  dadd.o(.text)
    __aeabi_drsub                            0x000002c9   Thumb Code    12  dadd.o(.text)
    __aeabi_dmul                             0x000002d9   Thumb Code   202  dmul.o(.text)
    __aeabi_i2f                              0x000003a9   Thumb Code    22  fflti.o(.text)
    __aeabi_i2d                              0x000003c1   Thumb Code    34  dflti.o(.text)
    CharToShort                              0x000003e9   Thumb Code    14  up right_pid.o(i.CharToShort)
    __I$use$fp                               0x000003e9   Thumb Code     0  iusefp.o(.text)
    HardFault_Handler                        0x000003f7   Thumb Code     4  kea128_it.o(i.HardFault_Handler)
    NMI_Handler                              0x000003fb   Thumb Code     2  kea128_it.o(i.NMI_Handler)
    PendSV_Handler                           0x000003fd   Thumb Code     2  kea128_it.o(i.PendSV_Handler)
    SVC_Handler                              0x000003ff   Thumb Code     2  kea128_it.o(i.SVC_Handler)
    __aeabi_ddiv                             0x00000411   Thumb Code   234  ddiv.o(.text)
    __aeabi_ui2d                             0x00000501   Thumb Code    24  dfltui.o(.text)
    __aeabi_d2uiz                            0x0000051d   Thumb Code    50  dfixui.o(.text)
    __aeabi_f2d                              0x00000559   Thumb Code    40  f2d.o(.text)
    __aeabi_cdcmpeq                          0x00000581   Thumb Code     0  cdcmple.o(.text)
    __aeabi_cdcmple                          0x00000581   Thumb Code    38  cdcmple.o(.text)
    __aeabi_cdrcmple                         0x000005a9   Thumb Code    38  cdrcmple.o(.text)
    __aeabi_uldivmod                         0x000005d1   Thumb Code    96  uldiv.o(.text)
    __aeabi_llsl                             0x00000631   Thumb Code    32  llshl.o(.text)
    _ll_shift_l                              0x00000631   Thumb Code     0  llshl.o(.text)
    __aeabi_llsr                             0x00000651   Thumb Code    34  llushr.o(.text)
    _ll_ushift_r                             0x00000651   Thumb Code     0  llushr.o(.text)
    __aeabi_lasr                             0x00000673   Thumb Code    38  llsshr.o(.text)
    _ll_sshift_r                             0x00000673   Thumb Code     0  llsshr.o(.text)
    _float_round                             0x00000699   Thumb Code    16  fepilogue.o(.text)
    _float_epilogue                          0x000006a9   Thumb Code   114  fepilogue.o(.text)
    _double_round                            0x0000071b   Thumb Code    26  depilogue.o(.text)
    _double_epilogue                         0x00000735   Thumb Code   164  depilogue.o(.text)
    _dsqrt                                   0x000007d9   Thumb Code   162  dsqrt.o(.text)
    __aeabi_d2ulz                            0x0000087d   Thumb Code    54  dfixul.o(.text)
    __scatterload                            0x000008bd   Thumb Code    28  init.o(.text)
    __scatterload_rt2                        0x000008bd   Thumb Code     0  init.o(.text)
    __decompress                             0x000008e1   Thumb Code     0  __dczerorl2.o(.text)
    __decompress1                            0x000008e1   Thumb Code    86  __dczerorl2.o(.text)
    I2C_Init                                 0x00000937   Thumb Code    14  up right_pid.o(i.I2C_Init)
    IIC_init                                 0x00000945   Thumb Code    36  seekfree_iic.o(i.IIC_init)
    IIC_stop                                 0x00000969   Thumb Code    48  seekfree_iic.o(i.IIC_stop)
    IRQ_IRQHandler                           0x00000999   Thumb Code    14  kea128_it.o(i.IRQ_IRQHandler)
    InitPit                                  0x000009ad   Thumb Code    90  kea128_pit.o(i.InitPit)
    KBI0_IRQHandler                          0x00000a15   Thumb Code    14  kea128_it.o(i.KBI0_IRQHandler)
    PIT_CH0_IRQHandler                       0x00000a51   Thumb Code   108  kea128_it.o(i.PIT_CH0_IRQHandler)
    PIT_CH1_IRQHandler                       0x00000ad5   Thumb Code    14  kea128_it.o(i.PIT_CH1_IRQHandler)
    SerialInit                               0x00000ae9   Thumb Code    32  _debugserial.o(i.SerialInit)
    SysTick_Handler                          0x00000b0d   Thumb Code     2  kea128_it.o(i.SysTick_Handler)
    UART2_IRQHandler                         0x00000b0f   Thumb Code     8  kea128_it.o(i.UART2_IRQHandler)
    UART_Init                                0x00000b19   Thumb Code   250  kea128_uart.o(i.UART_Init)
    _CoreStart                               0x00000c25   Thumb Code    72  system_skeaz1284.o(i._CoreStart)
    _DisableWdog                             0x00000c75   Thumb Code    16  system_skeaz1284.o(i._DisableWdog)
    _SerialRec_Interrupt                     0x00000c8d   Thumb Code   150  _debugserial.o(i._SerialRec_Interrupt)
    __0printf                                0x00000d51   Thumb Code    24  printfa.o(i.__0printf)
    __1printf                                0x00000d51   Thumb Code     0  printfa.o(i.__0printf)
    __2printf                                0x00000d51   Thumb Code     0  printfa.o(i.__0printf)
    __c89printf                              0x00000d51   Thumb Code     0  printfa.o(i.__0printf)
    printf                                   0x00000d51   Thumb Code     0  printfa.o(i.__0printf)
    __ARM_clz                                0x00000d71   Thumb Code    46  depilogue.o(i.__ARM_clz)
    __ARM_common_switch8                     0x00000d9f   Thumb Code    28  kea128_ftm.o(i.__ARM_common_switch8)
    __scatterload_copy                       0x00000dbb   Thumb Code    14  handlers.o(i.__scatterload_copy)
    __scatterload_null                       0x00000dc9   Thumb Code     2  handlers.o(i.__scatterload_null)
    __scatterload_zeroinit                   0x00000dcb   Thumb Code    14  handlers.o(i.__scatterload_zeroinit)
    __set_errno                              0x00000dd9   Thumb Code     6  errno.o(i.__set_errno)
    adc_Init                                 0x00001691   Thumb Code    34  direction.o(i.adc_Init)
    adc_init                                 0x000016b5   Thumb Code    34  kea128_adc.o(i.adc_init)
    adc_once                                 0x000016e1   Thumb Code    42  kea128_adc.o(i.adc_once)
    adc_read                                 0x00001711   Thumb Code   232  direction.o(i.adc_read)
    bmq_Init                                 0x00001801   Thumb Code    16  speed_pid.o(i.bmq_Init)
    direction_pid                            0x00001811   Thumb Code   396  dir_pid.o(i.direction_pid)
    fputc                                    0x000019fd   Thumb Code    20  _debugserial.o(i.fputc)
    ftm_count_clean                          0x00001a15   Thumb Code    12  kea128_ftm.o(i.ftm_count_clean)
    ftm_count_get                            0x00001a25   Thumb Code    14  kea128_ftm.o(i.ftm_count_get)
    ftm_count_init                           0x00001a39   Thumb Code    54  kea128_ftm.o(i.ftm_count_init)
    ftm_count_mux                            0x00001a75   Thumb Code   166  kea128_ftm.o(i.ftm_count_mux)
    ftm_pwm_duty                             0x00001b25   Thumb Code   118  kea128_ftm.o(i.ftm_pwm_duty)
    ftm_pwm_init                             0x00001bad   Thumb Code   264  kea128_ftm.o(i.ftm_pwm_init)
    ftm_pwm_mux                              0x00001cc5   Thumb Code   302  kea128_ftm.o(i.ftm_pwm_mux)
    gpio_ddr                                 0x00001df9   Thumb Code   162  kea128_gpio.o(i.gpio_ddr)
    gpio_get                                 0x00001ea1   Thumb Code    40  kea128_gpio.o(i.gpio_get)
    gpio_init                                0x00001ecd   Thumb Code   214  kea128_gpio.o(i.gpio_init)
    gpio_set                                 0x00001fa9   Thumb Code    54  kea128_gpio.o(i.gpio_set)
    i2c_Wait                                 0x00001fe5   Thumb Code   156  kea128_i2c.o(i.i2c_Wait)
    i2c_delay                                0x00002089   Thumb Code    24  kea128_i2c.o(i.i2c_delay)
    i2c_init                                 0x000020a1   Thumb Code   232  kea128_i2c.o(i.i2c_init)
    i2c_read_reg_bytes                       0x0000219d   Thumb Code   276  kea128_i2c.o(i.i2c_read_reg_bytes)
    main                                     0x000022b5   Thumb Code   132  main.o(i.main)
    port_pull                                0x0000234d   Thumb Code    74  kea128_port.o(i.port_pull)
    pwm_Init                                 0x0000239d   Thumb Code    80  control.o(i.pwm_Init)
    pwm_control                              0x000023f1   Thumb Code   648  control.o(i.pwm_control)
    simiic_delay                             0x000026b1   Thumb Code    16  seekfree_iic.o(i.simiic_delay)
    speed_pid                                0x000026c1   Thumb Code   556  speed_pid.o(i.speed_pid)
    sqrt                                     0x00002965   Thumb Code    66  sqrt.o(i.sqrt)
    uart_rx_irq_en                           0x000029ad   Thumb Code    36  kea128_uart.o(i.uart_rx_irq_en)
    upright_pid                              0x000029d5   Thumb Code   454  up right_pid.o(i.upright_pid)
    Region$$Table$$Base                      0x00002cb4   Number         0  anon$$obj.o(Region$$Table)
    Region$$Table$$Limit                     0x00002cd4   Number         0  anon$$obj.o(Region$$Table)
    period                                   0x1ffff000   Data           6  kea128_ftm.o(.data)
    cv                                       0x1ffff008   Data           4  kea128_ftm.o(.data)
    uart                                     0x1ffff00c   Data          12  kea128_uart.o(.data)
    MasterTransmission                       0x1ffff018   Data           1  kea128_i2c.o(.data)
    SlaveID                                  0x1ffff019   Data           1  kea128_i2c.o(.data)
    I2CN                                     0x1ffff01c   Data           8  kea128_i2c.o(.data)
    stop_flag                                0x1ffff024   Data           4  _debugserial.o(.data)
    change_flag                              0x1ffff028   Data           4  _debugserial.o(.data)
    wait_flag                                0x1ffff02c   Data           4  _debugserial.o(.data)
    ones                                     0x1ffff030   Data           4  dir_pid.o(.data)
    count2                                   0x1ffff034   Data           4  dir_pid.o(.data)
    dir_out                                  0x1ffff038   Data           8  dir_pid.o(.data)
    dir_out_last                             0x1ffff040   Data           8  dir_pid.o(.data)
    dir_value                                0x1ffff048   Data           8  dir_pid.o(.data)
    time                                     0x1ffff070   Data           4  kea128_it.o(.data)
    upright_flag                             0x1ffff074   Data           4  kea128_it.o(.data)
    speed_flag                               0x1ffff078   Data           4  kea128_it.o(.data)
    direction_flag                           0x1ffff07c   Data           4  kea128_it.o(.data)
    control_flag                             0x1ffff080   Data           4  kea128_it.o(.data)
    speed_out                                0x1ffff088   Data           8  speed_pid.o(.data)
    speed_old                                0x1ffff090   Data           8  speed_pid.o(.data)
    speed_r                                  0x1ffff098   Data           8  speed_pid.o(.data)
    speed_l                                  0x1ffff0a0   Data           8  speed_pid.o(.data)
    speed_value                              0x1ffff0a8   Data           8  speed_pid.o(.data)
    speed_set                                0x1ffff0b0   Data           8  speed_pid.o(.data)
    bmq_r                                    0x1ffff0b8   Data           4  speed_pid.o(.data)
    bmq_l                                    0x1ffff0bc   Data           4  speed_pid.o(.data)
    bmq_value                                0x1ffff0c0   Data           4  speed_pid.o(.data)
    a_1                                      0x1ffff100   Data           8  up right_pid.o(.data)
    a_2                                      0x1ffff108   Data           8  up right_pid.o(.data)
    a_3                                      0x1ffff110   Data           8  up right_pid.o(.data)
    Pitch_value                              0x1ffff118   Data           8  up right_pid.o(.data)
    yaw_value                                0x1ffff120   Data           8  up right_pid.o(.data)
    roll_value                               0x1ffff128   Data           8  up right_pid.o(.data)
    angle_old                                0x1ffff130   Data           8  up right_pid.o(.data)
    angle_set                                0x1ffff138   Data           8  up right_pid.o(.data)
    upright_out                              0x1ffff140   Data           8  up right_pid.o(.data)
    upright_old                              0x1ffff148   Data           8  up right_pid.o(.data)
    upright_value                            0x1ffff150   Data           8  up right_pid.o(.data)
    I2C_ARR                                  0x1ffff158   Data           8  up right_pid.o(.data)
    r_Value_P                                0x1ffff160   Data           8  control.o(.data)
    l_Value_P                                0x1ffff168   Data           8  control.o(.data)
    r_Value_N                                0x1ffff170   Data           8  control.o(.data)
    l_Value_N                                0x1ffff178   Data           8  control.o(.data)
    r_out_P                                  0x1ffff180   Data           8  control.o(.data)
    l_out_P                                  0x1ffff188   Data           8  control.o(.data)
    r_out_N                                  0x1ffff190   Data           8  control.o(.data)
    l_out_N                                  0x1ffff198   Data           8  control.o(.data)
    upright                                  0x1ffff1a0   Data           8  control.o(.data)
    __stdout                                 0x1ffff1a8   Data           4  stdout.o(.data)
    _SerialRec_Interrupt::_serialBuffer      0x1ffff1b0   Data           1  _debugserial.o(.data__ZZ20_SerialRec_InterruptE13_serialBuffer)
    _SerialRec_Interrupt::_Buffer            0x1ffff1b1   Data           1  _debugserial.o(.data__ZZ20_SerialRec_InterruptE7_Buffer)
    a                                        0x1ffff1b8   Data          40  direction.o(.bss)
    pitch_angle                              0x1ffff1e0   Data          30  up right_pid.o(.bss)
    __initial_sp                             0x1ffff600   Data           0  startup_skeaz1284.o(STACK)



==============================================================================

Memory Map of the image

  Image Entry point : 0x000000c1

  Load Region LR_IROM1 (Base: 0x00000000, Size: 0x00002e88, Max: 0x00020000, ABSOLUTE, COMPRESSED[0x00002cf0])

    Execution Region ER_IROM1 (Exec base: 0x00000000, Load base: 0x00000000, Size: 0x00002cd4, Max: 0x00020000, ABSOLUTE)

    Exec Addr    Load Addr    Size         Type   Attr      Idx    E Section Name        Object

    0x00000000   0x00000000   0x000000c0   Data   RO            3    RESET               startup_skeaz1284.o
    0x000000c0   0x000000c0   0x00000000   Code   RO         1631  * .ARM.Collect$$$$00000000  mc_p.l(entry.o)
    0x000000c0   0x000000c0   0x00000004   Code   RO         1929    .ARM.Collect$$$$00000001  mc_p.l(entry2.o)
    0x000000c4   0x000000c4   0x00000004   Code   RO         1932    .ARM.Collect$$$$00000004  mc_p.l(entry5.o)
    0x000000c8   0x000000c8   0x00000000   Code   RO         1934    .ARM.Collect$$$$00000008  mc_p.l(entry7b.o)
    0x000000c8   0x000000c8   0x00000000   Code   RO         1936    .ARM.Collect$$$$0000000A  mc_p.l(entry8b.o)
    0x000000c8   0x000000c8   0x00000008   Code   RO         1937    .ARM.Collect$$$$0000000B  mc_p.l(entry9a.o)
    0x000000d0   0x000000d0   0x00000000   Code   RO         1939    .ARM.Collect$$$$0000000D  mc_p.l(entry10a.o)
    0x000000d0   0x000000d0   0x00000000   Code   RO         1941    .ARM.Collect$$$$0000000F  mc_p.l(entry11a.o)
    0x000000d0   0x000000d0   0x00000004   Code   RO         1930    .ARM.Collect$$$$00002712  mc_p.l(entry2.o)
    0x000000d4   0x000000d4   0x00000028   Code   RO            5    .text               startup_skeaz1284.o
    0x000000fc   0x000000fc   0x0000002c   Code   RO         1634    .text               mc_p.l(uidiv.o)
    0x00000128   0x00000128   0x00000028   Code   RO         1636    .text               mc_p.l(idiv.o)
    0x00000150   0x00000150   0x00000024   Code   RO         1638    .text               mc_p.l(memcpya.o)
    0x00000174   0x00000174   0x00000164   Code   RO         1903    .text               mf_p.l(dadd.o)
    0x000002d8   0x000002d8   0x000000d0   Code   RO         1905    .text               mf_p.l(dmul.o)
    0x000003a8   0x000003a8   0x00000016   Code   RO         1909    .text               mf_p.l(fflti.o)
    0x000003be   0x000003be   0x00000002   PAD
    0x000003c0   0x000003c0   0x00000028   Code   RO         1913    .text               mf_p.l(dflti.o)
    0x000003e8   0x000003e8   0x00000000   Code   RO         1959    .text               mc_p.l(iusefp.o)
    0x000003e8   0x000003e8   0x0000000e   Code   RO         1555    i.CharToShort       up right_pid.o
    0x000003f6   0x000003f6   0x00000004   Code   RO         1396    i.HardFault_Handler  kea128_it.o
    0x000003fa   0x000003fa   0x00000002   Code   RO         1399    i.NMI_Handler       kea128_it.o
    0x000003fc   0x000003fc   0x00000002   Code   RO         1402    i.PendSV_Handler    kea128_it.o
    0x000003fe   0x000003fe   0x00000002   Code   RO         1403    i.SVC_Handler       kea128_it.o
    0x00000400   0x00000400   0x00000010   Code   RO            4    .ARM.__at_0x400     startup_skeaz1284.o
    0x00000410   0x00000410   0x000000f0   Code   RO         1907    .text               mf_p.l(ddiv.o)
    0x00000500   0x00000500   0x0000001c   Code   RO         1915    .text               mf_p.l(dfltui.o)
    0x0000051c   0x0000051c   0x0000003c   Code   RO         1917    .text               mf_p.l(dfixui.o)
    0x00000558   0x00000558   0x00000028   Code   RO         1919    .text               mf_p.l(f2d.o)
    0x00000580   0x00000580   0x00000028   Code   RO         1921    .text               mf_p.l(cdcmple.o)
    0x000005a8   0x000005a8   0x00000028   Code   RO         1923    .text               mf_p.l(cdrcmple.o)
    0x000005d0   0x000005d0   0x00000060   Code   RO         1944    .text               mc_p.l(uldiv.o)
    0x00000630   0x00000630   0x00000020   Code   RO         1946    .text               mc_p.l(llshl.o)
    0x00000650   0x00000650   0x00000022   Code   RO         1948    .text               mc_p.l(llushr.o)
    0x00000672   0x00000672   0x00000026   Code   RO         1950    .text               mc_p.l(llsshr.o)
    0x00000698   0x00000698   0x00000082   Code   RO         1960    .text               mf_p.l(fepilogue.o)
    0x0000071a   0x0000071a   0x000000be   Code   RO         1962    .text               mf_p.l(depilogue.o)
    0x000007d8   0x000007d8   0x000000a2   Code   RO         1966    .text               mf_p.l(dsqrt.o)
    0x0000087a   0x0000087a   0x00000002   PAD
    0x0000087c   0x0000087c   0x00000040   Code   RO         1968    .text               mf_p.l(dfixul.o)
    0x000008bc   0x000008bc   0x00000024   Code   RO         1970    .text               mc_p.l(init.o)
    0x000008e0   0x000008e0   0x00000056   Code   RO         1980    .text               mc_p.l(__dczerorl2.o)
    0x00000936   0x00000936   0x0000000e   Code   RO         1556    i.I2C_Init          up right_pid.o
    0x00000944   0x00000944   0x00000024   Code   RO          908    i.IIC_init          seekfree_iic.o
    0x00000968   0x00000968   0x00000030   Code   RO          910    i.IIC_stop          seekfree_iic.o
    0x00000998   0x00000998   0x00000014   Code   RO         1397    i.IRQ_IRQHandler    kea128_it.o
    0x000009ac   0x000009ac   0x00000068   Code   RO          443    i.InitPit           kea128_pit.o
    0x00000a14   0x00000a14   0x00000014   Code   RO         1398    i.KBI0_IRQHandler   kea128_it.o
    0x00000a28   0x00000a28   0x00000014   Code   RO          444    i.NVIC_EnableIRQ    kea128_pit.o
    0x00000a3c   0x00000a3c   0x00000014   Code   RO          530    i.NVIC_EnableIRQ    kea128_uart.o
    0x00000a50   0x00000a50   0x00000084   Code   RO         1400    i.PIT_CH0_IRQHandler  kea128_it.o
    0x00000ad4   0x00000ad4   0x00000014   Code   RO         1401    i.PIT_CH1_IRQHandler  kea128_it.o
    0x00000ae8   0x00000ae8   0x00000024   Code   RO         1316    i.SerialInit        _debugserial.o
    0x00000b0c   0x00000b0c   0x00000002   Code   RO         1404    i.SysTick_Handler   kea128_it.o
    0x00000b0e   0x00000b0e   0x00000008   Code   RO         1405    i.UART2_IRQHandler  kea128_it.o
    0x00000b16   0x00000b16   0x00000002   PAD
    0x00000b18   0x00000b18   0x0000010c   Code   RO          531    i.UART_Init         kea128_uart.o
    0x00000c24   0x00000c24   0x00000050   Code   RO           15    i._CoreStart        system_skeaz1284.o
    0x00000c74   0x00000c74   0x00000018   Code   RO           16    i._DisableWdog      system_skeaz1284.o
    0x00000c8c   0x00000c8c   0x000000c4   Code   RO         1353    i._SerialRec_Interrupt  _debugserial.o
    0x00000d50   0x00000d50   0x00000020   Code   RO         1875    i.__0printf         mc_p.l(printfa.o)
    0x00000d70   0x00000d70   0x0000002e   Code   RO         1964    i.__ARM_clz         mf_p.l(depilogue.o)
    0x00000d9e   0x00000d9e   0x0000001c   Code   RO          347    i.__ARM_common_switch8  kea128_ftm.o
    0x00000dba   0x00000dba   0x0000000e   Code   RO         1974    i.__scatterload_copy  mc_p.l(handlers.o)
    0x00000dc8   0x00000dc8   0x00000002   Code   RO         1975    i.__scatterload_null  mc_p.l(handlers.o)
    0x00000dca   0x00000dca   0x0000000e   Code   RO         1976    i.__scatterload_zeroinit  mc_p.l(handlers.o)
    0x00000dd8   0x00000dd8   0x0000000c   Code   RO         1954    i.__set_errno       mc_p.l(errno.o)
    0x00000de4   0x00000de4   0x00000174   Code   RO         1882    i._fp_digits        mc_p.l(printfa.o)
    0x00000f58   0x00000f58   0x000006ec   Code   RO         1883    i._printf_core      mc_p.l(printfa.o)
    0x00001644   0x00001644   0x00000020   Code   RO         1884    i._printf_post_padding  mc_p.l(printfa.o)
    0x00001664   0x00001664   0x0000002c   Code   RO         1885    i._printf_pre_padding  mc_p.l(printfa.o)
    0x00001690   0x00001690   0x00000022   Code   RO         1494    i.adc_Init          direction.o
    0x000016b2   0x000016b2   0x00000002   PAD
    0x000016b4   0x000016b4   0x0000002c   Code   RO          207    i.adc_init          kea128_adc.o
    0x000016e0   0x000016e0   0x00000030   Code   RO          208    i.adc_once          kea128_adc.o
    0x00001710   0x00001710   0x000000f0   Code   RO         1495    i.adc_read          direction.o
    0x00001800   0x00001800   0x00000010   Code   RO         1526    i.bmq_Init          speed_pid.o
    0x00001810   0x00001810   0x000001ec   Code   RO         1372    i.direction_pid     dir_pid.o
    0x000019fc   0x000019fc   0x00000018   Code   RO         1319    i.fputc             _debugserial.o
    0x00001a14   0x00001a14   0x00000010   Code   RO          286    i.ftm_count_clean   kea128_ftm.o
    0x00001a24   0x00001a24   0x00000014   Code   RO          287    i.ftm_count_get     kea128_ftm.o
    0x00001a38   0x00001a38   0x0000003c   Code   RO          288    i.ftm_count_init    kea128_ftm.o
    0x00001a74   0x00001a74   0x000000b0   Code   RO          289    i.ftm_count_mux     kea128_ftm.o
    0x00001b24   0x00001b24   0x00000088   Code   RO          290    i.ftm_pwm_duty      kea128_ftm.o
    0x00001bac   0x00001bac   0x00000118   Code   RO          292    i.ftm_pwm_init      kea128_ftm.o
    0x00001cc4   0x00001cc4   0x00000134   Code   RO          293    i.ftm_pwm_mux       kea128_ftm.o
    0x00001df8   0x00001df8   0x000000a8   Code   RO          354    i.gpio_ddr          kea128_gpio.o
    0x00001ea0   0x00001ea0   0x0000002c   Code   RO          355    i.gpio_get          kea128_gpio.o
    0x00001ecc   0x00001ecc   0x000000dc   Code   RO          356    i.gpio_init         kea128_gpio.o
    0x00001fa8   0x00001fa8   0x0000003c   Code   RO          357    i.gpio_set          kea128_gpio.o
    0x00001fe4   0x00001fe4   0x000000a4   Code   RO          651    i.i2c_Wait          kea128_i2c.o
    0x00002088   0x00002088   0x00000018   Code   RO          652    i.i2c_delay         kea128_i2c.o
    0x000020a0   0x000020a0   0x000000fc   Code   RO          653    i.i2c_init          kea128_i2c.o
    0x0000219c   0x0000219c   0x00000118   Code   RO          655    i.i2c_read_reg_bytes  kea128_i2c.o
    0x000022b4   0x000022b4   0x00000098   Code   RO         1473    i.main              main.o
    0x0000234c   0x0000234c   0x00000050   Code   RO          506    i.port_pull         kea128_port.o
    0x0000239c   0x0000239c   0x00000054   Code   RO         1595    i.pwm_Init          control.o
    0x000023f0   0x000023f0   0x000002c0   Code   RO         1596    i.pwm_control       control.o
    0x000026b0   0x000026b0   0x00000010   Code   RO          914    i.simiic_delay      seekfree_iic.o
    0x000026c0   0x000026c0   0x000002a4   Code   RO         1527    i.speed_pid         speed_pid.o
    0x00002964   0x00002964   0x00000048   Code   RO         1624    i.sqrt              m_ps.l(sqrt.o)
    0x000029ac   0x000029ac   0x00000028   Code   RO          537    i.uart_rx_irq_en    kea128_uart.o
    0x000029d4   0x000029d4   0x00000220   Code   RO         1557    i.upright_pid       up right_pid.o
    0x00002bf4   0x00002bf4   0x0000000c   Data   RO          294    .constdata          kea128_ftm.o
    0x00002c00   0x00002c00   0x0000000c   Data   RO          359    .constdata          kea128_gpio.o
    0x00002c0c   0x00002c0c   0x00000080   Data   RO          657    .constdata          kea128_i2c.o
    0x00002c8c   0x00002c8c   0x00000027   Data   RO         1320    .conststring        _debugserial.o
    0x00002cb3   0x00002cb3   0x00000001   PAD
    0x00002cb4   0x00002cb4   0x00000020   Data   RO         1972    Region$$Table       anon$$obj.o


    Execution Region RW_IRAM1 (Exec base: 0x1ffff000, Load base: 0x00002cd4, Size: 0x00000600, Max: 0x00004000, ABSOLUTE, COMPRESSED[0x0000001c])

    Exec Addr    Load Addr    Size         Type   Attr      Idx    E Section Name        Object

    0x1ffff000   COMPRESSED   0x0000000c   Data   RW          295    .data               kea128_ftm.o
    0x1ffff00c   COMPRESSED   0x0000000c   Data   RW          540    .data               kea128_uart.o
    0x1ffff018   COMPRESSED   0x0000000c   Data   RW          658    .data               kea128_i2c.o
    0x1ffff024   COMPRESSED   0x0000000c   Data   RW         1321    .data               _debugserial.o
    0x1ffff030   COMPRESSED   0x00000040   Data   RW         1373    .data               dir_pid.o
    0x1ffff070   COMPRESSED   0x00000014   Data   RW         1406    .data               kea128_it.o
    0x1ffff084   COMPRESSED   0x00000004   PAD
    0x1ffff088   COMPRESSED   0x00000060   Data   RW         1528    .data               speed_pid.o
    0x1ffff0e8   COMPRESSED   0x00000078   Data   RW         1559    .data               up right_pid.o
    0x1ffff160   COMPRESSED   0x00000048   Data   RW         1597    .data               control.o
    0x1ffff1a8   COMPRESSED   0x00000004   Data   RW         1943    .data               mc_p.l(stdout.o)
    0x1ffff1ac   COMPRESSED   0x00000004   Data   RW         1955    .data               mc_p.l(errno.o)
    0x1ffff1b0   COMPRESSED   0x00000001   Data   RW         1359    .data__ZZ20_SerialRec_InterruptE13_serialBuffer  _debugserial.o
    0x1ffff1b1   COMPRESSED   0x00000001   Data   RW         1360    .data__ZZ20_SerialRec_InterruptE7_Buffer  _debugserial.o
    0x1ffff1b2   COMPRESSED   0x00000006   PAD
    0x1ffff1b8        -       0x00000028   Zero   RW         1496    .bss                direction.o
    0x1ffff1e0        -       0x0000001e   Zero   RW         1558    .bss                up right_pid.o
    0x1ffff1fe   COMPRESSED   0x00000002   PAD
    0x1ffff200        -       0x00000400   Zero   RW            1    STACK               startup_skeaz1284.o


==============================================================================

Image component sizes


      Code (inc. data)   RO Data    RW Data    ZI Data      Debug   Object Name

       256         54         39         14          0       8526   _debugserial.o
       788         60          0         72          0       1491   control.o
       492         96          0         64          0       1061   dir_pid.o
       274          8          0          0         40       1358   direction.o
        92         16          0          0          0       1030   kea128_adc.o
      1024         74         12         12          0       5147   kea128_ftm.o
       492         22         12          0          0       3121   kea128_gpio.o
       720         32        128         12          0       4065   kea128_i2c.o
       212         42          0         20          0       4470   kea128_it.o
       124         20          0          0          0       6750   kea128_pit.o
        80          6          0          0          0       1540   kea128_port.o
       328         28          0         12          0       8040   kea128_uart.o
       152         20          0          0          0        495   main.o
         0          0          0          0          0       5608   misc.o
       100          0          0          0          0       1393   seekfree_iic.o
       692        120          0         96          0       1585   speed_pid.o
        56         30        192          0       1024        984   startup_skeaz1284.o
       104         16          0          0          0     108644   system_skeaz1284.o
       572         90          0        120         30       2588   up right_pid.o

    ----------------------------------------------------------------------
      6562        734        416        428       1100     167896   Object Totals
         0          0         32          0          0          0   (incl. Generated)
         4          0          1          6          6          0   (incl. Padding)

    ----------------------------------------------------------------------

      Code (inc. data)   RO Data    RW Data    ZI Data      Debug   Library Member Name

        72          6          0          0          0         76   sqrt.o
        86          0          0          0          0          0   __dczerorl2.o
         0          0          0          0          0          0   entry.o
         0          0          0          0          0          0   entry10a.o
         0          0          0          0          0          0   entry11a.o
         8          4          0          0          0          0   entry2.o
         4          0          0          0          0          0   entry5.o
         0          0          0          0          0          0   entry7b.o
         0          0          0          0          0          0   entry8b.o
         8          4          0          0          0          0   entry9a.o
        12          6          0          4          0         60   errno.o
        30          0          0          0          0          0   handlers.o
        40          0          0          0          0         72   idiv.o
        36          8          0          0          0         68   init.o
         0          0          0          0          0          0   iusefp.o
        32          0          0          0          0         68   llshl.o
        38          0          0          0          0         68   llsshr.o
        34          0          0          0          0         68   llushr.o
        36          0          0          0          0         60   memcpya.o
      2252         98          0          0          0        412   printfa.o
         0          0          0          4          0          0   stdout.o
        44          0          0          0          0         72   uidiv.o
        96          0          0          0          0         84   uldiv.o
        40          2          0          0          0         68   cdcmple.o
        40          2          0          0          0         68   cdrcmple.o
       356          4          0          0          0        140   dadd.o
       240          6          0          0          0         84   ddiv.o
       236          0          0          0          0        216   depilogue.o
        60         10          0          0          0         68   dfixui.o
        64         10          0          0          0         68   dfixul.o
        40          6          0          0          0         68   dflti.o
        28          4          0          0          0         68   dfltui.o
       208          6          0          0          0         88   dmul.o
       162          0          0          0          0         80   dsqrt.o
        40          0          0          0          0         60   f2d.o
       130          0          0          0          0        144   fepilogue.o
        22          0          0          0          0         68   fflti.o

    ----------------------------------------------------------------------
      4498        176          0          8          0       2396   Library Totals
         4          0          0          0          0          0   (incl. Padding)

    ----------------------------------------------------------------------

      Code (inc. data)   RO Data    RW Data    ZI Data      Debug   Library Name

        72          6          0          0          0         76   m_ps.l
      2756        120          0          8          0       1032   mc_p.l
      1666         50          0          0          0       1288   mf_p.l

    ----------------------------------------------------------------------
      4498        176          0          8          0       2396   Library Totals

    ----------------------------------------------------------------------

==============================================================================


      Code (inc. data)   RO Data    RW Data    ZI Data      Debug   

     11060        910        416        436       1100     167068   Grand Totals
     11060        910        416         28       1100     167068   ELF Image Totals (compressed)
     11060        910        416         28          0          0   ROM Totals

==============================================================================

    Total RO  Size (Code + RO Data)                11476 (  11.21kB)
    Total RW  Size (RW Data + ZI Data)              1536 (   1.50kB)
    Total ROM Size (Code + RO Data + RW Data)      11504 (  11.23kB)

==============================================================================

